Verdi>restart
Info: [VCS_SAVE_RESTORE_INFO] ASLR (Address Space Layout Randomization) is detected on the machine. To enable $save functionality, ASLR will be switched off and simv re-executed.
Please use '-no_save' simv switch to avoid re-execution or '-suppress=ASLR_DETECTED_INFO' to suppress this message.
Chronologic VCS simulator copyright 1991-2024
Contains Synopsys proprietary information.
Compiler version W-2024.09-SP1_Full64; Runtime version W-2024.09-SP1_Full64;  Aug 26 18:01 2026
Warning : License for product VCS-BASE-RUNTIME will expire within 29 days, on: 23-sep-2026.
If you would like to temporarily disable this message, set 
 the VCS_LIC_EXPIRE_WARNING environment variable to the number of days
before expiration that you want this message to start (the minimum is 0).
*Verdi* Loading libsscore_vcs202409.so
FSDB Dumper for VCS, Release Verdi_W-2024.09-SP2, Linux x86_64/64bit, 03/03/2025
(C) 1996 - 2025 by Synopsys, Inc.
*Verdi* FSDB WARNING: The FSDB file already exists. Overwriting the FSDB file may crash the programs that are using this file.
*Verdi* : Create FSDB file '/home/aedu01/verilog/0826_adder_uvm/inter.fsdb'
*Verdi* : Flush all FSDB Files at 0 ps.
*Verdi* : Enable RPC Server(1756204)
*Verdi* : Flush all FSDB Files at 0 ps.
UVM_INFO /tools/synopsys/vcs/W-2024.09-SP1/etc/uvm-1.2/base/uvm_root.svh(402) @ 0: reporter [UVM/RELNOTES] 
----------------------------------------------------------------
UVM-1.2.Synopsys
(C) 2007-2014 Mentor Graphics Corporation
(C) 2007-2014 Cadence Design Systems, Inc.
(C) 2006-2014 Synopsys, Inc.
(C) 2011-2013 Cypress Semiconductor Corp.
(C) 2013-2014 NVIDIA Corporation
----------------------------------------------------------------
  ***********       IMPORTANT RELEASE NOTES         ************
  You are using a version of the UVM library that has been compiled
  with `UVM_NO_DEPRECATED undefined.
  See http://www.eda.org/svdb/view.php?id=3313 for more details.
  You are using a version of the UVM library that has been compiled
  with `UVM_OBJECT_DO_NOT_NEED_CONSTRUCTOR undefined.
  See http://www.eda.org/svdb/view.php?id=3770 for more details.
      (Specify +UVM_NO_RELNOTES to turn off this notice)
Verdi>stop -delete *
Verdi>stop -line 138 -file /home/aedu01/verilog/0826_adder_uvm/testbench/tb_adder_uvm.sv 
8
Verdi>stop -line 139 -file /home/aedu01/verilog/0826_adder_uvm/testbench/tb_adder_uvm.sv 
9
Verdi>stop -line 140 -file /home/aedu01/verilog/0826_adder_uvm/testbench/tb_adder_uvm.sv 
10
Verdi>run
*Verdi* : Begin traversing the scopes, layer (0).
*Verdi* : End of traversing.
*Verdi* WARNING: Env/runtime option has specified fsdbfile name as "/home/aedu01/verilog/0826_adder_uvm/inter.fsdb". Fsdbfile name in task "wave.fsdb" is ignored.
UVM_INFO @ 0: reporter [RNTST] Running test adder_test...
Stop point #8 @ 5000 ps;  
Verdi>run
Stop point #9 @ 5000 ps;  
Verdi>run
Stop point #10 @ 5000 ps;  
Verdi>run
UVM_INFO ./testbench/tb_adder_uvm.sv(170) @ 5000: uvm_test_top.ENV.SCB [SCB] PASS: a =   0, b =   0, y =   0

Stop point #8 @ 15000 ps;  
Verdi>run
Stop point #9 @ 15000 ps;  
Verdi>run
Stop point #10 @ 15000 ps;  
Verdi>run
UVM_INFO ./testbench/tb_adder_uvm.sv(170) @ 15000: uvm_test_top.ENV.SCB [SCB] PASS: a = 175, b = 155, y = 330

Stop point #8 @ 25000 ps;  
Verdi>run
Stop point #9 @ 25000 ps;  
Verdi>run
Stop point #10 @ 25000 ps;  
