Command: /home/aedu01/verilog/0826_adder_uvm/simv -sml=verdi +fsdb+gate=off -ucli2Proc -ucli -l /home/aedu01/verilog/0826_adder_uvm/verdiLog/sim.log
Chronologic VCS simulator copyright 1991-2024
Contains Synopsys proprietary information.
Compiler version W-2024.09-SP1_Full64; Runtime version W-2024.09-SP1_Full64;  Aug 26 18:01 2026
Warning : License for product VCS-BASE-RUNTIME will expire within 29 days, on: 23-sep-2026.
If you would like to temporarily disable this message, set 
 the VCS_LIC_EXPIRE_WARNING environment variable to the number of days
before expiration that you want this message to start (the minimum is 0).
<slp!&*()_+>
UVM_INFO /tools/synopsys/vcs/W-2024.09-SP1/etc/uvm-1.2/base/uvm_root.svh(402) @ 0: reporter [UVM/RELNOTES] 
----------------------------------------------------------------
UVM-1.2.Synopsys
(C) 2007-2014 Mentor Graphics Corporation
(C) 2007-2014 Cadence Design Systems, Inc.
(C) 2006-2014 Synopsys, Inc.
(C) 2011-2013 Cypress Semiconductor Corp.
(C) 2013-2014 NVIDIA Corporation
----------------------------------------------------------------
  ***********       IMPORTANT RELEASE NOTES         ************
  You are using a version of the UVM library that has been compiled
  with `UVM_NO_DEPRECATED undefined.
  See http://www.eda.org/svdb/view.php?id=3313 for more details.
  You are using a version of the UVM library that has been compiled
  with `UVM_OBJECT_DO_NOT_NEED_CONSTRUCTOR undefined.
  See http://www.eda.org/svdb/view.php?id=3770 for more details.
      (Specify +UVM_NO_RELNOTES to turn off this notice)
<slb!&*()_+>---<sls!&*()_+>loc: -1<sls!&*()_+>src: /tools/synopsys/vcs/W-2024.09-SP1/etc/uvm-1.2/base/uvm_root.svh<sls!&*()_+>line: 402<sls!&*()_+>time: 0 ps<sls!&*()_+>length: 0<sls!&*()_+>...<sls!&*()_+><sle!&*()_+>

ucli% loaddl -simv /tools/synopsys/verdi/W-2024.09-SP2/share/PLI/VCS/LINUXAMD64/libnovas.so LoadFSDBDumpCmd;LoadFSDBDumpCmd
LoadFSDBDumpCmd success
ucli% config ckptfsdbcheck off;config endofsim noexit;config onfail {enable all};config followactivescope on;catch {setUcliVerdiConnected};set watch::resultTagsForVerdiBP {<ucli_break_bp_status_begin> <ucli_break_bp_status_end>};set ucliCore::support_restore_through_stask_in_verdi 1;cbug::config pretty_print auto;fsdbDumpfile {/home/aedu01/verilog/0826_adder_uvm/inter.fsdb} ;fsdbDumpflush ; 
*Verdi* Loading libsscore_vcs202409.so
FSDB Dumper for VCS, Release Verdi_W-2024.09-SP2, Linux x86_64/64bit, 03/03/2025
(C) 1996 - 2025 by Synopsys, Inc.
*Verdi* FSDB WARNING: The FSDB file already exists. Overwriting the FSDB file may crash the programs that are using this file.
*Verdi* : Create FSDB file '/home/aedu01/verilog/0826_adder_uvm/inter.fsdb'
*Verdi* : Flush all FSDB Files at 0 ps.

ucli% fsdbDumpvars 1 "tb_adder_uvm.a_if"  +all +trace_process;fsdbDumpflush 
*Verdi* : Begin traversing the scope (tb_adder_uvm.a_if), layer (1).
*Verdi* : Enable +trace_process and +all dumping.
*Verdi* : End of traversing.
*Verdi* : Flush all FSDB Files at 0 ps.

ucli% stop -line 521 -file /tools/synopsys/vcs/W-2024.09-SP1/etc/uvm-1.2/base/uvm_root.svh -disable
1
ucli% stop -line 518 -file /tools/synopsys/vcs/W-2024.09-SP1/etc/uvm-1.2/base/uvm_root.svh -disable
2
ucli% stop -line 244 -file /home/aedu01/verilog/0826_adder_uvm/testbench/tb_adder_uvm.sv -disable
3
ucli% stop -line 37 -file /home/aedu01/verilog/0826_adder_uvm/testbench/tb_adder_uvm.sv -disable
4
ucli% stop -line 41 -file /home/aedu01/verilog/0826_adder_uvm/testbench/tb_adder_uvm.sv -disable
5
ucli% stop -line 48 -file /home/aedu01/verilog/0826_adder_uvm/testbench/tb_adder_uvm.sv
6
ucli% stop -line 47 -file /home/aedu01/verilog/0826_adder_uvm/testbench/tb_adder_uvm.sv
7
ucli% synEnv::hasFataled
0
ucli% ucliCore::getToolPID
1756204
ucli% sps_interactive
*Verdi* : Enable RPC Server(1756204)

ucli% ucliCore::getToolPID
1756204
ucli% ucliCore::getToolPID
1756204
ucli% if {[catch {ucliCore::setFocus tool}]} {}

ucli% puts $ucliCore::nativeUcliMode
0

ucli% ucliCore::getToolTopPID
1756204
ucli% pid
1756228
ucli% synUtils::sendTool -active {_icl_createSharedMemory /tmp/vcs_dve_general.aedu01.1756204 }

ucli% if { [info vars watch::vcbp_str_len_limit_of_get_value] != ""} {set watch::vcbp_str_len_limit_of_get_value 1024}
1024
ucli% info command stateVerdiChangeCB

ucli% proc stateVerdiChangeCB args { if {$ucliGUI::state eq "terminated"} {puts "\n<VERDI_Terminated>\n";catch {setVerdiSimTerminated}}}

ucli% trace variable ucliGUI::state wu stateVerdiChangeCB

ucli% if {[catch {rename synopsys::restore verdiHack::restore} ]} {puts "0"}

ucli% proc synopsys::restore {args} { verdiHack::restore $args; puts "\n<VERDI_RESTORE>\n"}

ucli% if {[catch {rename quit verdiHack::quit} ]} {puts "0"}

ucli% proc quit {args} { if {[string length $args] == 0} { verdiHack::quit; } elseif {([string equal "-h" $args] == 1)||([string equal "-he" $args] == 1)||([string equal "-hel" $args] == 1)||([string equal "-help" $args] == 1)} { puts "\n quit           # Exit the simulation.\n \[-noprompt\]        (Exit the simulation and Verdi.)\n"} elseif {([string equal "-n" $args] == 1)||([string equal "-no" $args] == 1)||([string equal "-nop" $args] == 1)||([string equal "-nopr" $args] == 1)||([string equal "-nopro" $args] == 1)||([string equal "-noprom" $args] == 1)||([string equal "-nopromp" $args] == 1)||([string equal "-noprompt" $args] == 1)} { puts "\nVERDI_EXIT_N\n" } else { verdiHack::quit $args; } }

ucli% if {[catch {rename exit verdiHack::exit} ]} {puts "0"}

ucli% proc exit {args} { if {[string length $args] == 0} { verdiHack::exit; } elseif {([string equal "-h" $args] == 1)||([string equal "-he" $args] == 1)||([string equal "-hel" $args] == 1)||([string equal "-help" $args] == 1)} { puts "\n exit           # Exit the simulation.\n \[-noprompt\]        (Exit the simulation and Verdi.)\n"} elseif {([string equal "-n" $args] == 1)||([string equal "-no" $args] == 1)||([string equal "-nop" $args] == 1)||([string equal "-nopr" $args] == 1)||([string equal "-nopro" $args] == 1)||([string equal "-noprom" $args] == 1)||([string equal "-nopromp" $args] == 1)||([string equal "-noprompt" $args] == 1)} { puts "\nVERDI_EXIT_N\n" } else { verdiHack::exit $args; } }

ucli% proc checkpoint::beforeRecreate {} { sps_interactive }

ucli% if {[catch {ucliCore::setFocus tool}]} {}

ucli% save::getUserdefinedProcs
::stateVerdiChangeCB ::LoadFSDBDumpCmd
ucli% set ucliCore::resultTagsForVerdi [list <?special_verdi_begin?> <?special_verdi_end?>]
<?special_verdi_begin?> <?special_verdi_end?>
ucli% if {[catch {ucliCore::setFocus tool}]} {}

ucli% fsdbDumpflush 
*Verdi* : Flush all FSDB Files at 0 ps.

ucli% if {[catch {ucliCore::setFocus tool}]} {}

ucli% fsdbDumpflush 
*Verdi* : Flush all FSDB Files at 0 ps.

ucli% senv
activeDomain: Verilog
activeFile: /tools/synopsys/vcs/W-2024.09-SP1/etc/uvm-1.2/uvm_pkg.sv
activeFrame: -1
activeLine: 28
activeScope: uvm_pkg
activeThread: 0
endCol: 0
file: /tools/synopsys/vcs/W-2024.09-SP1/etc/uvm-1.2/uvm_pkg.sv
frame: -1
fsdbFilename: 
hasTB: 1
inputFilename: 
keyFilename: ucli.key
line: 28
logFilename: /home/aedu01/verilog/0826_adder_uvm/verdiLog/sim.log
macroIndex: -1
macroOffset: -1
pid: 1756204
scope: uvm_pkg
startCol: 0
state: stopped
thread: 0
time: 0
timePrecision: 1 ps
vcdFilename: 
vpdFilename:
ucli% puts $::ucliCore::cbug_active
0

ucli% if {[catch {ucliCore::setFocus tool}]} {}

ucli% checkpoint -list -all
There are no checkpoints present.
ucli% if {[catch {ucliCore::setFocus tool}]} {}

ucli% stop
1: -line 521 -file /tools/synopsys/vcs/W-2024.09-SP1/etc/uvm-1.2/base/uvm_root.svh -disable
2: -line 518 -file /tools/synopsys/vcs/W-2024.09-SP1/etc/uvm-1.2/base/uvm_root.svh -disable
3: -line 244 -file /home/aedu01/verilog/0826_adder_uvm/testbench/tb_adder_uvm.sv -disable
4: -line 37 -file /home/aedu01/verilog/0826_adder_uvm/testbench/tb_adder_uvm.sv -disable
5: -line 41 -file /home/aedu01/verilog/0826_adder_uvm/testbench/tb_adder_uvm.sv -disable
6: -line 48 -file /home/aedu01/verilog/0826_adder_uvm/testbench/tb_adder_uvm.sv
7: -line 47 -file /home/aedu01/verilog/0826_adder_uvm/testbench/tb_adder_uvm.sv
ucli% if {[catch {ucliCore::setFocus tool}]} {}

ucli% stop -delete *
1 2 3 4 5 6 7
ucli% if {[catch {ucliCore::setFocus tool}]} {}

ucli% stop -line 138 -file /home/aedu01/verilog/0826_adder_uvm/testbench/tb_adder_uvm.sv 
8
ucli% stop -show 8
8: -line 138 -file /home/aedu01/verilog/0826_adder_uvm/testbench/tb_adder_uvm.sv
ucli% stop -line 139 -file /home/aedu01/verilog/0826_adder_uvm/testbench/tb_adder_uvm.sv 
9
ucli% stop -show 9
9: -line 139 -file /home/aedu01/verilog/0826_adder_uvm/testbench/tb_adder_uvm.sv
ucli% stop -line 140 -file /home/aedu01/verilog/0826_adder_uvm/testbench/tb_adder_uvm.sv 
10
ucli% stop -show 10
10: -line 140 -file /home/aedu01/verilog/0826_adder_uvm/testbench/tb_adder_uvm.sv
ucli% if {[catch {ucliCore::setFocus tool}]} {}

ucli% run
*Verdi* : Begin traversing the scopes, layer (0).
*Verdi* : End of traversing.
*Verdi* WARNING: Env/runtime option has specified fsdbfile name as "/home/aedu01/verilog/0826_adder_uvm/inter.fsdb". Fsdbfile name in task "wave.fsdb" is ignored.
<slp!&*()_+>
UVM_INFO @ 0: reporter [RNTST] Running test adder_test...
<slb!&*()_+>---<sls!&*()_+>loc: -1<sls!&*()_+>src: /tools/synopsys/vcs/W-2024.09-SP1/etc/uvm-1.2/base/uvm_root.svh<sls!&*()_+>line: 504<sls!&*()_+>time: 0 ps<sls!&*()_+>length: 0<sls!&*()_+>...<sls!&*()_+><sle!&*()_+>

Stop point #8 @ 5000 ps;  
ucli% synEnv::hasFataled
0
ucli% ucliCore::getToolPID
1756204
ucli% synEnv::isFinished
0
ucli% save::getUserdefinedProcs
::stateVerdiChangeCB ::LoadFSDBDumpCmd
ucli% if {[catch {ucliCore::setFocus tool}]} {}

ucli% fsdbDumpflush 
*Verdi* : Flush all FSDB Files at 5,000 ps.

ucli% senv
activeDomain: TB
activeFile: ./testbench/tb_adder_uvm.sv
activeFrame: 2
activeLine: 138
activeScope: _vcs_unit__3142453618.\adder_monitor::run_phase 
activeThread: 39
endCol: 0
file: ./testbench/tb_adder_uvm.sv
frame: 2
fsdbFilename: 
hasTB: 1
inputFilename: 
keyFilename: ucli.key
line: 138
logFilename: /home/aedu01/verilog/0826_adder_uvm/verdiLog/sim.log
macroIndex: -1
macroOffset: -1
pid: 1756204
scope: _vcs_unit__3142453618.\adder_monitor::run_phase 
startCol: 0
state: stopped
thread: 39
time: 5000
timePrecision: 1 ps
vcdFilename: 
vpdFilename:
ucli% synUtils::resolveSourceFilename ./testbench/tb_adder_uvm.sv
./testbench/tb_adder_uvm.sv
ucli% puts $::ucliCore::cbug_active
0

ucli% if {[catch {ucliCore::setFocus tool}]} {}

ucli% checkpoint -list -all
There are no checkpoints present.
ucli% if {[catch {ucliCore::setFocus tool}]} {}

ucli% stop
8: -line 138 -file /home/aedu01/verilog/0826_adder_uvm/testbench/tb_adder_uvm.sv
9: -line 139 -file /home/aedu01/verilog/0826_adder_uvm/testbench/tb_adder_uvm.sv
10: -line 140 -file /home/aedu01/verilog/0826_adder_uvm/testbench/tb_adder_uvm.sv
ucli% if {[catch {ucliCore::setFocus tool}]} {}

ucli% run

Stop point #9 @ 5000 ps;  
ucli% synEnv::hasFataled
0
ucli% ucliCore::getToolPID
1756204
ucli% synEnv::isFinished
0
ucli% save::getUserdefinedProcs
::stateVerdiChangeCB ::LoadFSDBDumpCmd
ucli% if {[catch {ucliCore::setFocus tool}]} {}

ucli% fsdbDumpflush 
*Verdi* : Flush all FSDB Files at 5,000 ps.

ucli% senv
activeDomain: TB
activeFile: ./testbench/tb_adder_uvm.sv
activeFrame: 2
activeLine: 139
activeScope: _vcs_unit__3142453618.\adder_monitor::run_phase 
activeThread: 39
endCol: 0
file: ./testbench/tb_adder_uvm.sv
frame: 2
fsdbFilename: 
hasTB: 1
inputFilename: 
keyFilename: ucli.key
line: 139
logFilename: /home/aedu01/verilog/0826_adder_uvm/verdiLog/sim.log
macroIndex: -1
macroOffset: -1
pid: 1756204
scope: _vcs_unit__3142453618.\adder_monitor::run_phase 
startCol: 0
state: stopped
thread: 39
time: 5000
timePrecision: 1 ps
vcdFilename: 
vpdFilename:
ucli% synUtils::resolveSourceFilename ./testbench/tb_adder_uvm.sv
./testbench/tb_adder_uvm.sv
ucli% puts $::ucliCore::cbug_active
0

ucli% if {[catch {ucliCore::setFocus tool}]} {}

ucli% checkpoint -list -all
There are no checkpoints present.
ucli% if {[catch {ucliCore::setFocus tool}]} {}

ucli% stop
8: -line 138 -file /home/aedu01/verilog/0826_adder_uvm/testbench/tb_adder_uvm.sv
9: -line 139 -file /home/aedu01/verilog/0826_adder_uvm/testbench/tb_adder_uvm.sv
10: -line 140 -file /home/aedu01/verilog/0826_adder_uvm/testbench/tb_adder_uvm.sv
ucli% if {[catch {ucliCore::setFocus tool}]} {}

ucli% run

Stop point #10 @ 5000 ps;  
ucli% synEnv::hasFataled
0
ucli% ucliCore::getToolPID
1756204
ucli% synEnv::isFinished
0
ucli% save::getUserdefinedProcs
::stateVerdiChangeCB ::LoadFSDBDumpCmd
ucli% if {[catch {ucliCore::setFocus tool}]} {}

ucli% fsdbDumpflush 
*Verdi* : Flush all FSDB Files at 5,000 ps.

ucli% senv
activeDomain: TB
activeFile: ./testbench/tb_adder_uvm.sv
activeFrame: 2
activeLine: 140
activeScope: _vcs_unit__3142453618.\adder_monitor::run_phase 
activeThread: 39
endCol: 0
file: ./testbench/tb_adder_uvm.sv
frame: 2
fsdbFilename: 
hasTB: 1
inputFilename: 
keyFilename: ucli.key
line: 140
logFilename: /home/aedu01/verilog/0826_adder_uvm/verdiLog/sim.log
macroIndex: -1
macroOffset: -1
pid: 1756204
scope: _vcs_unit__3142453618.\adder_monitor::run_phase 
startCol: 0
state: stopped
thread: 39
time: 5000
timePrecision: 1 ps
vcdFilename: 
vpdFilename:
ucli% synUtils::resolveSourceFilename ./testbench/tb_adder_uvm.sv
./testbench/tb_adder_uvm.sv
ucli% puts $::ucliCore::cbug_active
0

ucli% if {[catch {ucliCore::setFocus tool}]} {}

ucli% checkpoint -list -all
There are no checkpoints present.
ucli% if {[catch {ucliCore::setFocus tool}]} {}

ucli% stop
8: -line 138 -file /home/aedu01/verilog/0826_adder_uvm/testbench/tb_adder_uvm.sv
9: -line 139 -file /home/aedu01/verilog/0826_adder_uvm/testbench/tb_adder_uvm.sv
10: -line 140 -file /home/aedu01/verilog/0826_adder_uvm/testbench/tb_adder_uvm.sv
ucli% if {[catch {ucliCore::setFocus tool}]} {}

ucli% run
<slp!&*()_+>
UVM_INFO ./testbench/tb_adder_uvm.sv(170) @ 5000: uvm_test_top.ENV.SCB [SCB] PASS: a =   0, b =   0, y =   0
<slb!&*()_+>---<sls!&*()_+>loc: -1<sls!&*()_+>src: ./testbench/tb_adder_uvm.sv<sls!&*()_+>line: 170<sls!&*()_+>time: 5000 ps<sls!&*()_+>length: 0<sls!&*()_+>...<sls!&*()_+><sle!&*()_+>

Stop point #8 @ 15000 ps;  
ucli% synEnv::hasFataled
0
ucli% ucliCore::getToolPID
1756204
ucli% synEnv::isFinished
0
ucli% save::getUserdefinedProcs
::stateVerdiChangeCB ::LoadFSDBDumpCmd
ucli% if {[catch {ucliCore::setFocus tool}]} {}

ucli% fsdbDumpflush 
*Verdi* : Flush all FSDB Files at 15,000 ps.

ucli% senv
activeDomain: TB
activeFile: ./testbench/tb_adder_uvm.sv
activeFrame: 2
activeLine: 138
activeScope: _vcs_unit__3142453618.\adder_monitor::run_phase 
activeThread: 39
endCol: 0
file: ./testbench/tb_adder_uvm.sv
frame: 2
fsdbFilename: 
hasTB: 1
inputFilename: 
keyFilename: ucli.key
line: 138
logFilename: /home/aedu01/verilog/0826_adder_uvm/verdiLog/sim.log
macroIndex: -1
macroOffset: -1
pid: 1756204
scope: _vcs_unit__3142453618.\adder_monitor::run_phase 
startCol: 0
state: stopped
thread: 39
time: 15000
timePrecision: 1 ps
vcdFilename: 
vpdFilename:
ucli% synUtils::resolveSourceFilename ./testbench/tb_adder_uvm.sv
./testbench/tb_adder_uvm.sv
ucli% puts $::ucliCore::cbug_active
0

ucli% if {[catch {ucliCore::setFocus tool}]} {}

ucli% checkpoint -list -all
There are no checkpoints present.
ucli% if {[catch {ucliCore::setFocus tool}]} {}

ucli% stop
8: -line 138 -file /home/aedu01/verilog/0826_adder_uvm/testbench/tb_adder_uvm.sv
9: -line 139 -file /home/aedu01/verilog/0826_adder_uvm/testbench/tb_adder_uvm.sv
10: -line 140 -file /home/aedu01/verilog/0826_adder_uvm/testbench/tb_adder_uvm.sv
ucli% if {[catch {ucliCore::setFocus tool}]} {}

ucli% run

Stop point #9 @ 15000 ps;  
ucli% synEnv::hasFataled
0
ucli% ucliCore::getToolPID
1756204
ucli% synEnv::isFinished
0
ucli% save::getUserdefinedProcs
::stateVerdiChangeCB ::LoadFSDBDumpCmd
ucli% if {[catch {ucliCore::setFocus tool}]} {}

ucli% fsdbDumpflush 
*Verdi* : Flush all FSDB Files at 15,000 ps.

ucli% senv
activeDomain: TB
activeFile: ./testbench/tb_adder_uvm.sv
activeFrame: 2
activeLine: 139
activeScope: _vcs_unit__3142453618.\adder_monitor::run_phase 
activeThread: 39
endCol: 0
file: ./testbench/tb_adder_uvm.sv
frame: 2
fsdbFilename: 
hasTB: 1
inputFilename: 
keyFilename: ucli.key
line: 139
logFilename: /home/aedu01/verilog/0826_adder_uvm/verdiLog/sim.log
macroIndex: -1
macroOffset: -1
pid: 1756204
scope: _vcs_unit__3142453618.\adder_monitor::run_phase 
startCol: 0
state: stopped
thread: 39
time: 15000
timePrecision: 1 ps
vcdFilename: 
vpdFilename:
ucli% synUtils::resolveSourceFilename ./testbench/tb_adder_uvm.sv
./testbench/tb_adder_uvm.sv
ucli% puts $::ucliCore::cbug_active
0

ucli% if {[catch {ucliCore::setFocus tool}]} {}

ucli% checkpoint -list -all
There are no checkpoints present.
ucli% if {[catch {ucliCore::setFocus tool}]} {}

ucli% stop
8: -line 138 -file /home/aedu01/verilog/0826_adder_uvm/testbench/tb_adder_uvm.sv
9: -line 139 -file /home/aedu01/verilog/0826_adder_uvm/testbench/tb_adder_uvm.sv
10: -line 140 -file /home/aedu01/verilog/0826_adder_uvm/testbench/tb_adder_uvm.sv
ucli% if {[catch {ucliCore::setFocus tool}]} {}

ucli% run

Stop point #10 @ 15000 ps;  
ucli% synEnv::hasFataled
0
ucli% ucliCore::getToolPID
1756204
ucli% synEnv::isFinished
0
ucli% save::getUserdefinedProcs
::stateVerdiChangeCB ::LoadFSDBDumpCmd
ucli% if {[catch {ucliCore::setFocus tool}]} {}

ucli% fsdbDumpflush 
*Verdi* : Flush all FSDB Files at 15,000 ps.

ucli% senv
activeDomain: TB
activeFile: ./testbench/tb_adder_uvm.sv
activeFrame: 2
activeLine: 140
activeScope: _vcs_unit__3142453618.\adder_monitor::run_phase 
activeThread: 39
endCol: 0
file: ./testbench/tb_adder_uvm.sv
frame: 2
fsdbFilename: 
hasTB: 1
inputFilename: 
keyFilename: ucli.key
line: 140
logFilename: /home/aedu01/verilog/0826_adder_uvm/verdiLog/sim.log
macroIndex: -1
macroOffset: -1
pid: 1756204
scope: _vcs_unit__3142453618.\adder_monitor::run_phase 
startCol: 0
state: stopped
thread: 39
time: 15000
timePrecision: 1 ps
vcdFilename: 
vpdFilename:
ucli% synUtils::resolveSourceFilename ./testbench/tb_adder_uvm.sv
./testbench/tb_adder_uvm.sv
ucli% puts $::ucliCore::cbug_active
0

ucli% if {[catch {ucliCore::setFocus tool}]} {}

ucli% checkpoint -list -all
There are no checkpoints present.
ucli% if {[catch {ucliCore::setFocus tool}]} {}

ucli% stop
8: -line 138 -file /home/aedu01/verilog/0826_adder_uvm/testbench/tb_adder_uvm.sv
9: -line 139 -file /home/aedu01/verilog/0826_adder_uvm/testbench/tb_adder_uvm.sv
10: -line 140 -file /home/aedu01/verilog/0826_adder_uvm/testbench/tb_adder_uvm.sv
ucli% if {[catch {ucliCore::setFocus tool}]} {}

ucli% run
<slp!&*()_+>
UVM_INFO ./testbench/tb_adder_uvm.sv(170) @ 15000: uvm_test_top.ENV.SCB [SCB] PASS: a = 175, b = 155, y = 330
<slb!&*()_+>---<sls!&*()_+>loc: -1<sls!&*()_+>src: ./testbench/tb_adder_uvm.sv<sls!&*()_+>line: 170<sls!&*()_+>time: 15000 ps<sls!&*()_+>length: 0<sls!&*()_+>...<sls!&*()_+><sle!&*()_+>

Stop point #8 @ 25000 ps;  
ucli% synEnv::hasFataled
0
ucli% ucliCore::getToolPID
1756204
ucli% synEnv::isFinished
0
ucli% save::getUserdefinedProcs
::stateVerdiChangeCB ::LoadFSDBDumpCmd
ucli% if {[catch {ucliCore::setFocus tool}]} {}

ucli% fsdbDumpflush 
*Verdi* : Flush all FSDB Files at 25,000 ps.

ucli% senv
activeDomain: TB
activeFile: ./testbench/tb_adder_uvm.sv
activeFrame: 2
activeLine: 138
activeScope: _vcs_unit__3142453618.\adder_monitor::run_phase 
activeThread: 39
endCol: 0
file: ./testbench/tb_adder_uvm.sv
frame: 2
fsdbFilename: 
hasTB: 1
inputFilename: 
keyFilename: ucli.key
line: 138
logFilename: /home/aedu01/verilog/0826_adder_uvm/verdiLog/sim.log
macroIndex: -1
macroOffset: -1
pid: 1756204
scope: _vcs_unit__3142453618.\adder_monitor::run_phase 
startCol: 0
state: stopped
thread: 39
time: 25000
timePrecision: 1 ps
vcdFilename: 
vpdFilename:
ucli% synUtils::resolveSourceFilename ./testbench/tb_adder_uvm.sv
./testbench/tb_adder_uvm.sv
ucli% puts $::ucliCore::cbug_active
0

ucli% if {[catch {ucliCore::setFocus tool}]} {}

ucli% checkpoint -list -all
There are no checkpoints present.
ucli% if {[catch {ucliCore::setFocus tool}]} {}

ucli% stop
8: -line 138 -file /home/aedu01/verilog/0826_adder_uvm/testbench/tb_adder_uvm.sv
9: -line 139 -file /home/aedu01/verilog/0826_adder_uvm/testbench/tb_adder_uvm.sv
10: -line 140 -file /home/aedu01/verilog/0826_adder_uvm/testbench/tb_adder_uvm.sv
ucli% if {[catch {ucliCore::setFocus tool}]} {}

ucli% run

Stop point #9 @ 25000 ps;  
ucli% synEnv::hasFataled
0
ucli% ucliCore::getToolPID
1756204
ucli% synEnv::isFinished
0
ucli% save::getUserdefinedProcs
::stateVerdiChangeCB ::LoadFSDBDumpCmd
ucli% if {[catch {ucliCore::setFocus tool}]} {}

ucli% fsdbDumpflush 
*Verdi* : Flush all FSDB Files at 25,000 ps.

ucli% senv
activeDomain: TB
activeFile: ./testbench/tb_adder_uvm.sv
activeFrame: 2
activeLine: 139
activeScope: _vcs_unit__3142453618.\adder_monitor::run_phase 
activeThread: 39
endCol: 0
file: ./testbench/tb_adder_uvm.sv
frame: 2
fsdbFilename: 
hasTB: 1
inputFilename: 
keyFilename: ucli.key
line: 139
logFilename: /home/aedu01/verilog/0826_adder_uvm/verdiLog/sim.log
macroIndex: -1
macroOffset: -1
pid: 1756204
scope: _vcs_unit__3142453618.\adder_monitor::run_phase 
startCol: 0
state: stopped
thread: 39
time: 25000
timePrecision: 1 ps
vcdFilename: 
vpdFilename:
ucli% synUtils::resolveSourceFilename ./testbench/tb_adder_uvm.sv
./testbench/tb_adder_uvm.sv
ucli% puts $::ucliCore::cbug_active
0

ucli% if {[catch {ucliCore::setFocus tool}]} {}

ucli% checkpoint -list -all
There are no checkpoints present.
ucli% if {[catch {ucliCore::setFocus tool}]} {}

ucli% stop
8: -line 138 -file /home/aedu01/verilog/0826_adder_uvm/testbench/tb_adder_uvm.sv
9: -line 139 -file /home/aedu01/verilog/0826_adder_uvm/testbench/tb_adder_uvm.sv
10: -line 140 -file /home/aedu01/verilog/0826_adder_uvm/testbench/tb_adder_uvm.sv
ucli% if {[catch {ucliCore::setFocus tool}]} {}

ucli% run

Stop point #10 @ 25000 ps;  
ucli% synEnv::hasFataled
0
ucli% ucliCore::getToolPID
1756204
ucli% synEnv::isFinished
0
ucli% save::getUserdefinedProcs
::stateVerdiChangeCB ::LoadFSDBDumpCmd
ucli% if {[catch {ucliCore::setFocus tool}]} {}

ucli% fsdbDumpflush 
*Verdi* : Flush all FSDB Files at 25,000 ps.

ucli% senv
activeDomain: TB
activeFile: ./testbench/tb_adder_uvm.sv
activeFrame: 2
activeLine: 140
activeScope: _vcs_unit__3142453618.\adder_monitor::run_phase 
activeThread: 39
endCol: 0
file: ./testbench/tb_adder_uvm.sv
frame: 2
fsdbFilename: 
hasTB: 1
inputFilename: 
keyFilename: ucli.key
line: 140
logFilename: /home/aedu01/verilog/0826_adder_uvm/verdiLog/sim.log
macroIndex: -1
macroOffset: -1
pid: 1756204
scope: _vcs_unit__3142453618.\adder_monitor::run_phase 
startCol: 0
state: stopped
thread: 39
time: 25000
timePrecision: 1 ps
vcdFilename: 
vpdFilename:
ucli% synUtils::resolveSourceFilename ./testbench/tb_adder_uvm.sv
./testbench/tb_adder_uvm.sv
ucli% puts $::ucliCore::cbug_active
0

ucli% if {[catch {ucliCore::setFocus tool}]} {}

ucli% checkpoint -list -all
There are no checkpoints present.
ucli% if {[catch {ucliCore::setFocus tool}]} {}

ucli% stop
8: -line 138 -file /home/aedu01/verilog/0826_adder_uvm/testbench/tb_adder_uvm.sv
9: -line 139 -file /home/aedu01/verilog/0826_adder_uvm/testbench/tb_adder_uvm.sv
10: -line 140 -file /home/aedu01/verilog/0826_adder_uvm/testbench/tb_adder_uvm.sv
ucli% if {[catch {ucliCore::setFocus tool}]} {}

ucli% 