version: (200506)

available memory: 64M bytes
used memory: 28M bytes [need 28M bytes if disable swap]

used block: 1742 [memory(1742) file(0)]
                 [ 8K(1439) 16K(51) 32K(3) 64K(249) { total 28M bytes } ]
overhead: (189466) bytes for (1742) blocks [Average: (108) bytes/block]

write  => 0(times) 0K(bytes) [0K bytes to file]
read   => 248(times) 10M(bytes) [2M bytes compressed data from file]
access => 9291370(times) 81754M(bytes)
          [hit ratio: 99.9973%]

time: write(0) read(0)  unit: second

swap file directory: (/home/aedu01/verilog/0826_adder_uvm/verdiLog)
used swap file number: (141)



swap file manager:
arrSize: (256)
idxCnt: (142)
closeHead: (2)
closeTail: (141)
openCnt: (10)
fid(141): fd(1073741826) fileName(/home/aedu01/verilog/0826_adder_uvm/simv.daidir/kdb.elab++/work.lib++/uvm_vcs_record_interface.sv#inc__uvm_custom_install_recording__152#.tdc)
	size(18636) lastModTime(1787727072) curModTime(1787727072)
	mode(rb)	hot(0) cool(140) pos(0)
fid(140): fd(1073741825) fileName(/home/aedu01/verilog/0826_adder_uvm/simv.daidir/kdb.elab++/work.lib++/uvm_vcs_tr_stream.svh#inc__uvm_custom_install_recording__151#.tdc)
	size(9213) lastModTime(1787727072) curModTime(1787727072)
	mode(rb)	hot(141) cool(139) pos(0)
fid(139): fd(1073741833) fileName(/home/aedu01/verilog/0826_adder_uvm/simv.daidir/kdb.elab++/work.lib++/uvm_vcs_tr_database.svh#inc__uvm_custom_install_recording__150#.tdc)
	size(10600) lastModTime(1787727072) curModTime(1787727072)
	mode(rb)	hot(140) cool(138) pos(0)
fid(138): fd(1073741824) fileName(/home/aedu01/verilog/0826_adder_uvm/simv.daidir/kdb.elab++/work.lib++/uvm_vcs_recorder.svh#inc__uvm_custom_install_recording__149#.tdc)
	size(12391) lastModTime(1787727072) curModTime(1787727072)
	mode(rb)	hot(139) cool(137) pos(0)
fid(137): fd(1073741832) fileName(/home/aedu01/verilog/0826_adder_uvm/simv.daidir/kdb.elab++/work.lib++/uvm_custom_install_vcs_recorder.sv.tdc)
	size(5248) lastModTime(1787727072) curModTime(1787727072)
	mode(rb)	hot(138) cool(1) pos(0)
fid(136): fd(1073741830) fileName(/home/aedu01/verilog/0826_adder_uvm/simv.daidir/kdb.elab++/work.lib++/vcs_uvm_alt.sv#inc__uvm_pkg__146#.tdc)
	size(6632) lastModTime(1787727072) curModTime(1787727072)
	mode(rb)	hot(1) cool(135) pos(0)
fid(135): fd(1073741829) fileName(/home/aedu01/verilog/0826_adder_uvm/simv.daidir/kdb.elab++/work.lib++/snps_uvm_reg_bank.svh#inc__uvm_pkg__145#.tdc)
	size(37527) lastModTime(1787727072) curModTime(1787727072)
	mode(rb)	hot(136) cool(134) pos(0)
fid(134): fd(1073741828) fileName(/home/aedu01/verilog/0826_adder_uvm/simv.daidir/kdb.elab++/work.lib++/uvm_reg_mem_hdl_paths_seq.svh#inc__uvm_pkg__144#.tdc)
	size(20521) lastModTime(1787727072) curModTime(1787727072)
	mode(rb)	hot(135) cool(2) pos(0)
fid(133): fd(0) fileName(/home/aedu01/verilog/0826_adder_uvm/simv.daidir/kdb.elab++/work.lib++/uvm_reg_mem_built_in_seq.svh#inc__uvm_pkg__143#.tdc)
	size(9220) lastModTime(1787727072) curModTime(1787727072)
	mode(rb)	hot(2) cool(132) pos(9220)
fid(132): fd(0) fileName(/home/aedu01/verilog/0826_adder_uvm/simv.daidir/kdb.elab++/work.lib++/uvm_reg_mem_shared_access_seq.svh#inc__uvm_pkg__142#.tdc)
	size(29506) lastModTime(1787727072) curModTime(1787727072)
	mode(rb)	hot(133) cool(131) pos(29506)
fid(131): fd(0) fileName(/home/aedu01/verilog/0826_adder_uvm/simv.daidir/kdb.elab++/work.lib++/uvm_reg_access_seq.svh#inc__uvm_pkg__141#.tdc)
	size(24948) lastModTime(1787727072) curModTime(1787727072)
	mode(rb)	hot(132) cool(130) pos(24948)
fid(130): fd(0) fileName(/home/aedu01/verilog/0826_adder_uvm/simv.daidir/kdb.elab++/work.lib++/uvm_mem_access_seq.svh#inc__uvm_pkg__140#.tdc)
	size(20401) lastModTime(1787727072) curModTime(1787727072)
	mode(rb)	hot(131) cool(129) pos(20401)
fid(129): fd(0) fileName(/home/aedu01/verilog/0826_adder_uvm/simv.daidir/kdb.elab++/work.lib++/uvm_mem_walk_seq.svh#inc__uvm_pkg__139#.tdc)
	size(17498) lastModTime(1787727072) curModTime(1787727072)
	mode(rb)	hot(130) cool(128) pos(17498)
fid(128): fd(0) fileName(/home/aedu01/verilog/0826_adder_uvm/simv.daidir/kdb.elab++/work.lib++/uvm_reg_bit_bash_seq.svh#inc__uvm_pkg__138#.tdc)
	size(18054) lastModTime(1787727072) curModTime(1787727072)
	mode(rb)	hot(129) cool(127) pos(18054)
fid(127): fd(0) fileName(/home/aedu01/verilog/0826_adder_uvm/simv.daidir/kdb.elab++/work.lib++/uvm_reg_hw_reset_seq.svh#inc__uvm_pkg__137#.tdc)
	size(11551) lastModTime(1787727072) curModTime(1787727072)
	mode(rb)	hot(128) cool(126) pos(11551)
fid(126): fd(0) fileName(/home/aedu01/verilog/0826_adder_uvm/simv.daidir/kdb.elab++/work.lib++/uvm_reg_block.svh#inc__uvm_pkg__136#.tdc)
	size(65110) lastModTime(1787727072) curModTime(1787727072)
	mode(rb)	hot(127) cool(125) pos(65110)
fid(125): fd(0) fileName(/home/aedu01/verilog/0826_adder_uvm/simv.daidir/kdb.elab++/work.lib++/uvm_reg_map.svh#inc__uvm_pkg__135#.tdc)
	size(83422) lastModTime(1787727072) curModTime(1787727072)
	mode(rb)	hot(126) cool(124) pos(83422)
fid(124): fd(0) fileName(/home/aedu01/verilog/0826_adder_uvm/simv.daidir/kdb.elab++/work.lib++/uvm_mem.svh#inc__uvm_pkg__134#.tdc)
	size(70109) lastModTime(1787727072) curModTime(1787727072)
	mode(rb)	hot(125) cool(123) pos(70109)
fid(123): fd(0) fileName(/home/aedu01/verilog/0826_adder_uvm/simv.daidir/kdb.elab++/work.lib++/uvm_vreg.svh#inc__uvm_pkg__133#.tdc)
	size(49922) lastModTime(1787727072) curModTime(1787727072)
	mode(rb)	hot(124) cool(122) pos(49922)
fid(122): fd(0) fileName(/home/aedu01/verilog/0826_adder_uvm/simv.daidir/kdb.elab++/work.lib++/uvm_mem_mam.svh#inc__uvm_pkg__132#.tdc)
	size(38402) lastModTime(1787727072) curModTime(1787727072)
	mode(rb)	hot(123) cool(121) pos(38402)
fid(121): fd(0) fileName(/home/aedu01/verilog/0826_adder_uvm/simv.daidir/kdb.elab++/work.lib++/uvm_reg_file.svh#inc__uvm_pkg__131#.tdc)
	size(19633) lastModTime(1787727072) curModTime(1787727072)
	mode(rb)	hot(122) cool(120) pos(19633)
fid(120): fd(0) fileName(/home/aedu01/verilog/0826_adder_uvm/simv.daidir/kdb.elab++/work.lib++/uvm_reg_fifo.svh#inc__uvm_pkg__130#.tdc)
	size(12915) lastModTime(1787727072) curModTime(1787727072)
	mode(rb)	hot(121) cool(119) pos(12915)
fid(119): fd(0) fileName(/home/aedu01/verilog/0826_adder_uvm/simv.daidir/kdb.elab++/work.lib++/uvm_reg_indirect.svh#inc__uvm_pkg__129#.tdc)
	size(14966) lastModTime(1787727072) curModTime(1787727072)
	mode(rb)	hot(120) cool(118) pos(14966)
fid(118): fd(0) fileName(/home/aedu01/verilog/0826_adder_uvm/simv.daidir/kdb.elab++/work.lib++/uvm_reg.svh#inc__uvm_pkg__128#.tdc)
	size(90807) lastModTime(1787727072) curModTime(1787727072)
	mode(rb)	hot(119) cool(117) pos(90807)
fid(117): fd(0) fileName(/home/aedu01/verilog/0826_adder_uvm/simv.daidir/kdb.elab++/work.lib++/uvm_vreg_field.svh#inc__uvm_pkg__127#.tdc)
	size(43468) lastModTime(1787727072) curModTime(1787727072)
	mode(rb)	hot(118) cool(116) pos(43468)
fid(116): fd(0) fileName(/home/aedu01/verilog/0826_adder_uvm/simv.daidir/kdb.elab++/work.lib++/uvm_reg_field.svh#inc__uvm_pkg__126#.tdc)
	size(61876) lastModTime(1787727072) curModTime(1787727072)
	mode(rb)	hot(117) cool(115) pos(61876)
fid(115): fd(0) fileName(/home/aedu01/verilog/0826_adder_uvm/simv.daidir/kdb.elab++/work.lib++/uvm_reg_backdoor.svh#inc__uvm_pkg__125#.tdc)
	size(16641) lastModTime(1787727072) curModTime(1787727072)
	mode(rb)	hot(116) cool(114) pos(16641)
fid(114): fd(0) fileName(/home/aedu01/verilog/0826_adder_uvm/simv.daidir/kdb.elab++/work.lib++/uvm_reg_cbs.svh#inc__uvm_pkg__124#.tdc)
	size(20528) lastModTime(1787727072) curModTime(1787727072)
	mode(rb)	hot(115) cool(113) pos(20528)
fid(113): fd(0) fileName(/home/aedu01/verilog/0826_adder_uvm/simv.daidir/kdb.elab++/work.lib++/uvm_reg_sequence.svh#inc__uvm_pkg__123#.tdc)
	size(23937) lastModTime(1787727072) curModTime(1787727072)
	mode(rb)	hot(114) cool(112) pos(23937)
fid(112): fd(0) fileName(/home/aedu01/verilog/0826_adder_uvm/simv.daidir/kdb.elab++/work.lib++/uvm_reg_predictor.svh#inc__uvm_pkg__122#.tdc)
	size(13705) lastModTime(1787727072) curModTime(1787727072)
	mode(rb)	hot(113) cool(111) pos(13705)
fid(111): fd(0) fileName(/home/aedu01/verilog/0826_adder_uvm/simv.daidir/kdb.elab++/work.lib++/uvm_reg_adapter.svh#inc__uvm_pkg__121#.tdc)
	size(12436) lastModTime(1787727072) curModTime(1787727072)
	mode(rb)	hot(112) cool(110) pos(12436)
fid(110): fd(0) fileName(/home/aedu01/verilog/0826_adder_uvm/simv.daidir/kdb.elab++/work.lib++/uvm_reg_item.svh#inc__uvm_pkg__120#.tdc)
	size(13774) lastModTime(1787727072) curModTime(1787727072)
	mode(rb)	hot(111) cool(109) pos(13774)
fid(109): fd(0) fileName(/home/aedu01/verilog/0826_adder_uvm/simv.daidir/kdb.elab++/work.lib++/uvm_reg_model.svh#inc__uvm_pkg__119#.tdc)
	size(14830) lastModTime(1787727072) curModTime(1787727072)
	mode(rb)	hot(110) cool(108) pos(14830)
fid(108): fd(0) fileName(/home/aedu01/verilog/0826_adder_uvm/simv.daidir/kdb.elab++/work.lib++/uvm_tlm2_sockets.svh#inc__uvm_pkg__118#.tdc)
	size(17478) lastModTime(1787727072) curModTime(1787727072)
	mode(rb)	hot(109) cool(107) pos(17478)
fid(107): fd(0) fileName(/home/aedu01/verilog/0826_adder_uvm/simv.daidir/kdb.elab++/work.lib++/uvm_tlm2_sockets_base.svh#inc__uvm_pkg__117#.tdc)
	size(11473) lastModTime(1787727072) curModTime(1787727072)
	mode(rb)	hot(108) cool(106) pos(11473)
fid(106): fd(0) fileName(/home/aedu01/verilog/0826_adder_uvm/simv.daidir/kdb.elab++/work.lib++/uvm_tlm2_exports.svh#inc__uvm_pkg__116#.tdc)
	size(5475) lastModTime(1787727072) curModTime(1787727072)
	mode(rb)	hot(107) cool(105) pos(5475)
fid(105): fd(0) fileName(/home/aedu01/verilog/0826_adder_uvm/simv.daidir/kdb.elab++/work.lib++/uvm_tlm2_ports.svh#inc__uvm_pkg__115#.tdc)
	size(5852) lastModTime(1787727072) curModTime(1787727072)
	mode(rb)	hot(106) cool(104) pos(5852)
fid(104): fd(0) fileName(/home/aedu01/verilog/0826_adder_uvm/simv.daidir/kdb.elab++/work.lib++/uvm_tlm2_imps.svh#inc__uvm_pkg__114#.tdc)
	size(12515) lastModTime(1787727072) curModTime(1787727072)
	mode(rb)	hot(105) cool(103) pos(12515)
fid(103): fd(0) fileName(/home/aedu01/verilog/0826_adder_uvm/simv.daidir/kdb.elab++/work.lib++/uvm_tlm2_ifs.svh#inc__uvm_pkg__113#.tdc)
	size(7484) lastModTime(1787727072) curModTime(1787727072)
	mode(rb)	hot(104) cool(102) pos(7484)
fid(102): fd(0) fileName(/home/aedu01/verilog/0826_adder_uvm/simv.daidir/kdb.elab++/work.lib++/uvm_tlm2_generic_payload.svh#inc__uvm_pkg__112#.tdc)
	size(39539) lastModTime(1787727072) curModTime(1787727072)
	mode(rb)	hot(103) cool(101) pos(39539)
fid(101): fd(0) fileName(/home/aedu01/verilog/0826_adder_uvm/simv.daidir/kdb.elab++/work.lib++/uvm_tlm2_time.svh#inc__uvm_pkg__111#.tdc)
	size(11791) lastModTime(1787727072) curModTime(1787727072)
	mode(rb)	hot(102) cool(100) pos(11791)
fid(100): fd(0) fileName(/home/aedu01/verilog/0826_adder_uvm/simv.daidir/kdb.elab++/work.lib++/uvm_tlm2_defines.svh#inc__uvm_pkg__110#.tdc)
	size(2050) lastModTime(1787727072) curModTime(1787727072)
	mode(rb)	hot(101) cool(99) pos(2050)
fid(99): fd(0) fileName(/home/aedu01/verilog/0826_adder_uvm/simv.daidir/kdb.elab++/work.lib++/uvm_tlm2.svh#inc__uvm_pkg__109#.tdc)
	size(1683) lastModTime(1787727072) curModTime(1787727072)
	mode(rb)	hot(100) cool(98) pos(1683)
fid(98): fd(0) fileName(/home/aedu01/verilog/0826_adder_uvm/simv.daidir/kdb.elab++/work.lib++/uvm_sequence_builtin.svh#inc__uvm_pkg__108#.tdc)
	size(13210) lastModTime(1787727072) curModTime(1787727072)
	mode(rb)	hot(99) cool(97) pos(13210)
fid(97): fd(0) fileName(/home/aedu01/verilog/0826_adder_uvm/simv.daidir/kdb.elab++/work.lib++/uvm_sequence_library.svh#inc__uvm_pkg__107#.tdc)
	size(37088) lastModTime(1787727072) curModTime(1787727072)
	mode(rb)	hot(98) cool(96) pos(37088)
fid(96): fd(0) fileName(/home/aedu01/verilog/0826_adder_uvm/simv.daidir/kdb.elab++/work.lib++/uvm_sequence.svh#inc__uvm_pkg__106#.tdc)
	size(6134) lastModTime(1787727072) curModTime(1787727072)
	mode(rb)	hot(97) cool(95) pos(6134)
fid(95): fd(0) fileName(/home/aedu01/verilog/0826_adder_uvm/simv.daidir/kdb.elab++/work.lib++/uvm_sequence_base.svh#inc__uvm_pkg__105#.tdc)
	size(39787) lastModTime(1787727072) curModTime(1787727072)
	mode(rb)	hot(96) cool(94) pos(39787)
fid(94): fd(0) fileName(/home/aedu01/verilog/0826_adder_uvm/simv.daidir/kdb.elab++/work.lib++/uvm_push_sequencer.svh#inc__uvm_pkg__104#.tdc)
	size(3873) lastModTime(1787727072) curModTime(1787727072)
	mode(rb)	hot(95) cool(93) pos(3873)
fid(93): fd(0) fileName(/home/aedu01/verilog/0826_adder_uvm/simv.daidir/kdb.elab++/work.lib++/uvm_sequencer.svh#inc__uvm_pkg__103#.tdc)
	size(12626) lastModTime(1787727072) curModTime(1787727072)
	mode(rb)	hot(94) cool(92) pos(12626)
fid(92): fd(0) fileName(/home/aedu01/verilog/0826_adder_uvm/simv.daidir/kdb.elab++/work.lib++/uvm_sequencer_param_base.svh#inc__uvm_pkg__102#.tdc)
	size(15677) lastModTime(1787727072) curModTime(1787727072)
	mode(rb)	hot(93) cool(91) pos(15677)
fid(91): fd(0) fileName(/home/aedu01/verilog/0826_adder_uvm/simv.daidir/kdb.elab++/work.lib++/uvm_sequencer_analysis_fifo.svh#inc__uvm_pkg__101#.tdc)
	size(2318) lastModTime(1787727072) curModTime(1787727072)
	mode(rb)	hot(92) cool(90) pos(2318)
fid(90): fd(0) fileName(/home/aedu01/verilog/0826_adder_uvm/simv.daidir/kdb.elab++/work.lib++/uvm_sequencer_base.svh#inc__uvm_pkg__100#.tdc)
	size(57267) lastModTime(1787727072) curModTime(1787727072)
	mode(rb)	hot(91) cool(89) pos(57267)
fid(89): fd(0) fileName(/home/aedu01/verilog/0826_adder_uvm/simv.daidir/kdb.elab++/work.lib++/uvm_sequence_item.svh#inc__uvm_pkg__99#.tdc)
	size(18342) lastModTime(1787727072) curModTime(1787727072)
	mode(rb)	hot(90) cool(88) pos(18342)
fid(88): fd(0) fileName(/home/aedu01/verilog/0826_adder_uvm/simv.daidir/kdb.elab++/work.lib++/uvm_seq.svh#inc__uvm_pkg__98#.tdc)
	size(2085) lastModTime(1787727072) curModTime(1787727072)
	mode(rb)	hot(89) cool(87) pos(2085)
fid(87): fd(0) fileName(/home/aedu01/verilog/0826_adder_uvm/simv.daidir/kdb.elab++/work.lib++/uvm_test.svh#inc__uvm_pkg__97#.tdc)
	size(3715) lastModTime(1787727072) curModTime(1787727072)
	mode(rb)	hot(88) cool(86) pos(3715)
fid(86): fd(0) fileName(/home/aedu01/verilog/0826_adder_uvm/simv.daidir/kdb.elab++/work.lib++/uvm_env.svh#inc__uvm_pkg__96#.tdc)
	size(2549) lastModTime(1787727072) curModTime(1787727072)
	mode(rb)	hot(87) cool(85) pos(2549)
fid(85): fd(0) fileName(/home/aedu01/verilog/0826_adder_uvm/simv.daidir/kdb.elab++/work.lib++/uvm_agent.svh#inc__uvm_pkg__95#.tdc)
	size(6185) lastModTime(1787727072) curModTime(1787727072)
	mode(rb)	hot(86) cool(84) pos(6185)
fid(84): fd(0) fileName(/home/aedu01/verilog/0826_adder_uvm/simv.daidir/kdb.elab++/work.lib++/uvm_scoreboard.svh#inc__uvm_pkg__94#.tdc)
	size(2637) lastModTime(1787727072) curModTime(1787727072)
	mode(rb)	hot(85) cool(83) pos(2637)
fid(83): fd(0) fileName(/home/aedu01/verilog/0826_adder_uvm/simv.daidir/kdb.elab++/work.lib++/uvm_push_driver.svh#inc__uvm_pkg__93#.tdc)
	size(4462) lastModTime(1787727072) curModTime(1787727072)
	mode(rb)	hot(84) cool(82) pos(4462)
fid(82): fd(0) fileName(/home/aedu01/verilog/0826_adder_uvm/simv.daidir/kdb.elab++/work.lib++/uvm_driver.svh#inc__uvm_pkg__92#.tdc)
	size(3931) lastModTime(1787727072) curModTime(1787727072)
	mode(rb)	hot(83) cool(81) pos(3931)
fid(81): fd(0) fileName(/home/aedu01/verilog/0826_adder_uvm/simv.daidir/kdb.elab++/work.lib++/uvm_monitor.svh#inc__uvm_pkg__91#.tdc)
	size(2555) lastModTime(1787727072) curModTime(1787727072)
	mode(rb)	hot(82) cool(80) pos(2555)
fid(80): fd(0) fileName(/home/aedu01/verilog/0826_adder_uvm/simv.daidir/kdb.elab++/work.lib++/uvm_subscriber.svh#inc__uvm_pkg__90#.tdc)
	size(3202) lastModTime(1787727072) curModTime(1787727072)
	mode(rb)	hot(81) cool(79) pos(3202)
fid(79): fd(0) fileName(/home/aedu01/verilog/0826_adder_uvm/simv.daidir/kdb.elab++/work.lib++/uvm_random_stimulus.svh#inc__uvm_pkg__89#.tdc)
	size(6174) lastModTime(1787727072) curModTime(1787727072)
	mode(rb)	hot(80) cool(78) pos(6174)
fid(78): fd(0) fileName(/home/aedu01/verilog/0826_adder_uvm/simv.daidir/kdb.elab++/work.lib++/uvm_algorithmic_comparator.svh#inc__uvm_pkg__88#.tdc)
	size(6172) lastModTime(1787727072) curModTime(1787727072)
	mode(rb)	hot(79) cool(77) pos(6172)
fid(77): fd(0) fileName(/home/aedu01/verilog/0826_adder_uvm/simv.daidir/kdb.elab++/work.lib++/uvm_in_order_comparator.svh#inc__uvm_pkg__87#.tdc)
	size(10208) lastModTime(1787727072) curModTime(1787727072)
	mode(rb)	hot(78) cool(76) pos(10208)
fid(76): fd(0) fileName(/home/aedu01/verilog/0826_adder_uvm/simv.daidir/kdb.elab++/work.lib++/uvm_policies.svh#inc__uvm_pkg__86#.tdc)
	size(4719) lastModTime(1787727072) curModTime(1787727072)
	mode(rb)	hot(77) cool(75) pos(4719)
fid(75): fd(0) fileName(/home/aedu01/verilog/0826_adder_uvm/simv.daidir/kdb.elab++/work.lib++/uvm_pair.svh#inc__uvm_pkg__85#.tdc)
	size(10199) lastModTime(1787727072) curModTime(1787727072)
	mode(rb)	hot(76) cool(74) pos(10199)
fid(74): fd(0) fileName(/home/aedu01/verilog/0826_adder_uvm/simv.daidir/kdb.elab++/work.lib++/uvm_comps.svh#inc__uvm_pkg__84#.tdc)
	size(1964) lastModTime(1787727072) curModTime(1787727072)
	mode(rb)	hot(75) cool(73) pos(1964)
fid(73): fd(0) fileName(/home/aedu01/verilog/0826_adder_uvm/simv.daidir/kdb.elab++/work.lib++/uvm_sqr_connections.svh#inc__uvm_pkg__83#.tdc)
	size(6701) lastModTime(1787727072) curModTime(1787727072)
	mode(rb)	hot(74) cool(72) pos(6701)
fid(72): fd(0) fileName(/home/aedu01/verilog/0826_adder_uvm/simv.daidir/kdb.elab++/work.lib++/uvm_tlm_req_rsp.svh#inc__uvm_pkg__82#.tdc)
	size(12215) lastModTime(1787727072) curModTime(1787727072)
	mode(rb)	hot(73) cool(71) pos(12215)
fid(71): fd(0) fileName(/home/aedu01/verilog/0826_adder_uvm/simv.daidir/kdb.elab++/work.lib++/uvm_tlm_fifos.svh#inc__uvm_pkg__81#.tdc)
	size(8597) lastModTime(1787727072) curModTime(1787727072)
	mode(rb)	hot(72) cool(70) pos(8597)
fid(70): fd(0) fileName(/home/aedu01/verilog/0826_adder_uvm/simv.daidir/kdb.elab++/work.lib++/uvm_tlm_fifo_base.svh#inc__uvm_pkg__80#.tdc)
	size(8713) lastModTime(1787727072) curModTime(1787727072)
	mode(rb)	hot(71) cool(69) pos(8713)
fid(69): fd(0) fileName(/home/aedu01/verilog/0826_adder_uvm/simv.daidir/kdb.elab++/work.lib++/uvm_analysis_port.svh#inc__uvm_pkg__79#.tdc)
	size(7302) lastModTime(1787727072) curModTime(1787727072)
	mode(rb)	hot(70) cool(68) pos(7302)
fid(68): fd(0) fileName(/home/aedu01/verilog/0826_adder_uvm/simv.daidir/kdb.elab++/work.lib++/uvm_exports.svh#inc__uvm_pkg__78#.tdc)
	size(20942) lastModTime(1787727072) curModTime(1787727072)
	mode(rb)	hot(69) cool(67) pos(20942)
fid(67): fd(0) fileName(/home/aedu01/verilog/0826_adder_uvm/simv.daidir/kdb.elab++/work.lib++/uvm_ports.svh#inc__uvm_pkg__77#.tdc)
	size(21399) lastModTime(1787727072) curModTime(1787727072)
	mode(rb)	hot(68) cool(66) pos(21399)
fid(66): fd(0) fileName(/home/aedu01/verilog/0826_adder_uvm/simv.daidir/kdb.elab++/work.lib++/uvm_imps.svh#inc__uvm_pkg__76#.tdc)
	size(24770) lastModTime(1787727072) curModTime(1787727072)
	mode(rb)	hot(67) cool(65) pos(24770)
fid(65): fd(0) fileName(/home/aedu01/verilog/0826_adder_uvm/simv.daidir/kdb.elab++/work.lib++/uvm_tlm_imps.svh#inc___vcs_unit__1__10#.tdc)
	size(11467) lastModTime(1787727072) curModTime(1787727072)
	mode(rb)	hot(66) cool(64) pos(11467)
fid(64): fd(0) fileName(/home/aedu01/verilog/0826_adder_uvm/simv.daidir/kdb.elab++/work.lib++/uvm_port_base.svh#inc__uvm_pkg__74#.tdc)
	size(31853) lastModTime(1787727072) curModTime(1787727072)
	mode(rb)	hot(65) cool(63) pos(31853)
fid(63): fd(0) version: (200506)

available memory: 64M bytes
used memory: 28M bytes [need 28M bytes if disable swap]

used block: 1742 [memory(1742) file(0)]
                 [ 8K(1439) 16K(51) 32K(3) 64K(249) { total 28M bytes } ]
overhead: (189466) bytes for (1742) blocks [Average: (108) bytes/block]

write  => 0(times) 0K(bytes) [0K bytes to file]
read   => 248(times) 10M(bytes) [2M bytes compressed data from file]
access => 9291370(times) 81754M(bytes)
          [hit ratio: 99.9973%]

time: write(0) read(0)  unit: second

swap file directory: (/home/aedu01/verilog/0826_adder_uvm/verdiLog)
used swap file number: (141)



swap file manager:
arrSize: (256)
idxCnt: (142)
closeHead: (2)
closeTail: (141)
openCnt: (10)
fid(141): fd(1073741826) fileName(/home/aedu01/verilog/0826_adder_uvm/simv.daidir/kdb.elab++/work.lib++/uvm_vcs_record_interface.sv#inc__uvm_custom_install_recording__152#.tdc)
	size(18636) lastModTime(1787727072) curModTime(1787727072)
	mode(rb)	hot(0) cool(140) pos(0)
fid(140): fd(1073741825) fileName(/home/aedu01/verilog/0826_adder_uvm/simv.daidir/kdb.elab++/work.lib++/uvm_vcs_tr_stream.svh#inc__uvm_custom_install_recording__151#.tdc)
	size(9213) lastModTime(1787727072) curModTime(1787727072)
	mode(rb)	hot(141) cool(139) pos(0)
fid(139): fd(1073741833) fileName(/home/aedu01/verilog/0826_adder_uvm/simv.daidir/kdb.elab++/work.lib++/uvm_vcs_tr_database.svh#inc__uvm_custom_install_recording__150#.tdc)
	size(10600) lastModTime(1787727072) curModTime(1787727072)
	mode(rb)	hot(140) cool(138) pos(0)
fid(138): fd(1073741824) fileName(/home/aedu01/verilog/0826_adder_uvm/simv.daidir/kdb.elab++/work.lib++/uvm_vcs_recorder.svh#inc__uvm_custom_install_recording__149#.tdc)
	size(12391) lastModTime(1787727072) curModTime(1787727072)
	mode(rb)	hot(139) cool(137) pos(0)
fid(137): fd(1073741832) fileName(/home/aedu01/verilog/0826_adder_uvm/simv.daidir/kdb.elab++/work.lib++/uvm_custom_install_vcs_recorder.sv.tdc)
	size(5248) lastModTime(1787727072) curModTime(1787727072)
	mode(rb)	hot(138) cool(1) pos(0)
fid(136): fd(1073741830) fileName(/home/aedu01/verilog/0826_adder_uvm/simv.daidir/kdb.elab++/work.lib++/vcs_uvm_alt.sv#inc__uvm_pkg__146#.tdc)
	size(6632) lastModTime(1787727072) curModTime(1787727072)
	mode(rb)	hot(1) cool(135) pos(0)
fid(135): fd(1073741829) fileName(/home/aedu01/verilog/0826_adder_uvm/simv.daidir/kdb.elab++/work.lib++/snps_uvm_reg_bank.svh#inc__uvm_pkg__145#.tdc)
	size(37527) lastModTime(1787727072) curModTime(1787727072)
	mode(rb)	hot(136) cool(134) pos(0)
fid(134): fd(1073741828) fileName(/home/aedu01/verilog/0826_adder_uvm/simv.daidir/kdb.elab++/work.lib++/uvm_reg_mem_hdl_paths_seq.svh#inc__uvm_pkg__144#.tdc)
	size(20521) lastModTime(1787727072) curModTime(1787727072)
	mode(rb)	hot(135) cool(2) pos(0)
fid(133): fd(0) fileName(/home/aedu01/verilog/0826_adder_uvm/simv.daidir/kdb.elab++/work.lib++/uvm_reg_mem_built_in_seq.svh#inc__uvm_pkg__143#.tdc)
	size(9220) lastModTime(1787727072) curModTime(1787727072)
	mode(rb)	hot(2) cool(132) pos(9220)
fid(132): fd(0) fileName(/home/aedu01/verilog/0826_adder_uvm/simv.daidir/kdb.elab++/work.lib++/uvm_reg_mem_shared_access_seq.svh#inc__uvm_pkg__142#.tdc)
	size(29506) lastModTime(1787727072) curModTime(1787727072)
	mode(rb)	hot(133) cool(131) pos(29506)
fid(131): fd(0) fileName(/home/aedu01/verilog/0826_adder_uvm/simv.daidir/kdb.elab++/work.lib++/uvm_reg_access_seq.svh#inc__uvm_pkg__141#.tdc)
	size(24948) lastModTime(1787727072) curModTime(1787727072)
	mode(rb)	hot(132) cool(130) pos(24948)
fid(130): fd(0) fileName(/home/aedu01/verilog/0826_adder_uvm/simv.daidir/kdb.elab++/work.lib++/uvm_mem_access_seq.svh#inc__uvm_pkg__140#.tdc)
	size(20401) lastModTime(1787727072) curModTime(1787727072)
	mode(rb)	hot(131) cool(129) pos(20401)
fid(129): fd(0) fileName(/home/aedu01/verilog/0826_adder_uvm/simv.daidir/kdb.elab++/work.lib++/uvm_mem_walk_seq.svh#inc__uvm_pkg__139#.tdc)
	size(17498) lastModTime(1787727072) curModTime(1787727072)
	mode(rb)	hot(130) cool(128) pos(17498)
fid(128): fd(0) fileName(/home/aedu01/verilog/0826_adder_uvm/simv.daidir/kdb.elab++/work.lib++/uvm_reg_bit_bash_seq.svh#inc__uvm_pkg__138#.tdc)
	size(18054) lastModTime(1787727072) curModTime(1787727072)
	mode(rb)	hot(129) cool(127) pos(18054)
fid(127): fd(0) fileName(/home/aedu01/verilog/0826_adder_uvm/simv.daidir/kdb.elab++/work.lib++/uvm_reg_hw_reset_seq.svh#inc__uvm_pkg__137#.tdc)
	size(11551) lastModTime(1787727072) curModTime(1787727072)
	mode(rb)	hot(128) cool(126) pos(11551)
fid(126): fd(0) fileName(/home/aedu01/verilog/0826_adder_uvm/simv.daidir/kdb.elab++/work.lib++/uvm_reg_block.svh#inc__uvm_pkg__136#.tdc)
	size(65110) lastModTime(1787727072) curModTime(1787727072)
	mode(rb)	hot(127) cool(125) pos(65110)
fid(125): fd(0) fileName(/home/aedu01/verilog/0826_adder_uvm/simv.daidir/kdb.elab++/work.lib++/uvm_reg_map.svh#inc__uvm_pkg__135#.tdc)
	size(83422) lastModTime(1787727072) curModTime(1787727072)
	mode(rb)	hot(126) cool(124) pos(83422)
fid(124): fd(0) fileName(/home/aedu01/verilog/0826_adder_uvm/simv.daidir/kdb.elab++/work.lib++/uvm_mem.svh#inc__uvm_pkg__134#.tdc)
	size(70109) lastModTime(1787727072) curModTime(1787727072)
	mode(rb)	hot(125) cool(123) pos(70109)
fid(123): fd(0) fileName(/home/aedu01/verilog/0826_adder_uvm/simv.daidir/kdb.elab++/work.lib++/uvm_vreg.svh#inc__uvm_pkg__133#.tdc)
	size(49922) lastModTime(1787727072) curModTime(1787727072)
	mode(rb)	hot(124) cool(122) pos(49922)
fid(122): fd(0) fileName(/home/aedu01/verilog/0826_adder_uvm/simv.daidir/kdb.elab++/work.lib++/uvm_mem_mam.svh#inc__uvm_pkg__132#.tdc)
	size(38402) lastModTime(1787727072) curModTime(1787727072)
	mode(rb)	hot(123) cool(121) pos(38402)
fid(121): fd(0) fileName(/home/aedu01/verilog/0826_adder_uvm/simv.daidir/kdb.elab++/work.lib++/uvm_reg_file.svh#inc__uvm_pkg__131#.tdc)
	size(19633) lastModTime(1787727072) curModTime(1787727072)
	mode(rb)	hot(122) cool(120) pos(19633)
fid(120): fd(0) fileName(/home/aedu01/verilog/0826_adder_uvm/simv.daidir/kdb.elab++/work.lib++/uvm_reg_fifo.svh#inc__uvm_pkg__130#.tdc)
	size(12915) lastModTime(1787727072) curModTime(1787727072)
	mode(rb)	hot(121) cool(119) pos(12915)
fid(119): fd(0) fileName(/home/aedu01/verilog/0826_adder_uvm/simv.daidir/kdb.elab++/work.lib++/uvm_reg_indirect.svh#inc__uvm_pkg__129#.tdc)
	size(14966) lastModTime(1787727072) curModTime(1787727072)
	mode(rb)	hot(120) cool(118) pos(14966)
fid(118): fd(0) fileName(/home/aedu01/verilog/0826_adder_uvm/simv.daidir/kdb.elab++/work.lib++/uvm_reg.svh#inc__uvm_pkg__128#.tdc)
	size(90807) lastModTime(1787727072) curModTime(1787727072)
	mode(rb)	hot(119) cool(117) pos(90807)
fid(117): fd(0) fileName(/home/aedu01/verilog/0826_adder_uvm/simv.daidir/kdb.elab++/work.lib++/uvm_vreg_field.svh#inc__uvm_pkg__127#.tdc)
	size(43468) lastModTime(1787727072) curModTime(1787727072)
	mode(rb)	hot(118) cool(116) pos(43468)
fid(116): fd(0) fileName(/home/aedu01/verilog/0826_adder_uvm/simv.daidir/kdb.elab++/work.lib++/uvm_reg_field.svh#inc__uvm_pkg__126#.tdc)
	size(61876) lastModTime(1787727072) curModTime(1787727072)
	mode(rb)	hot(117) cool(115) pos(61876)
fid(115): fd(0) fileName(/home/aedu01/verilog/0826_adder_uvm/simv.daidir/kdb.elab++/work.lib++/uvm_reg_backdoor.svh#inc__uvm_pkg__125#.tdc)
	size(16641) lastModTime(1787727072) curModTime(1787727072)
	mode(rb)	hot(116) cool(114) pos(16641)
fid(114): fd(0) fileName(/home/aedu01/verilog/0826_adder_uvm/simv.daidir/kdb.elab++/work.lib++/uvm_reg_cbs.svh#inc__uvm_pkg__124#.tdc)
	size(20528) lastModTime(1787727072) curModTime(1787727072)
	mode(rb)	hot(115) cool(113) pos(20528)
fid(113): fd(0) fileName(/home/aedu01/verilog/0826_adder_uvm/simv.daidir/kdb.elab++/work.lib++/uvm_reg_sequence.svh#inc__uvm_pkg__123#.tdc)
	size(23937) lastModTime(1787727072) curModTime(1787727072)
	mode(rb)	hot(114) cool(112) pos(23937)
fid(112): fd(0) fileName(/home/aedu01/verilog/0826_adder_uvm/simv.daidir/kdb.elab++/work.lib++/uvm_reg_predictor.svh#inc__uvm_pkg__122#.tdc)
	size(13705) lastModTime(1787727072) curModTime(1787727072)
	mode(rb)	hot(113) cool(111) pos(13705)
fid(111): fd(0) fileName(/home/aedu01/verilog/0826_adder_uvm/simv.daidir/kdb.elab++/work.lib++/uvm_reg_adapter.svh#inc__uvm_pkg__121#.tdc)
	size(12436) lastModTime(1787727072) curModTime(1787727072)
	mode(rb)	hot(112) cool(110) pos(12436)
fid(110): fd(0) fileName(/home/aedu01/verilog/0826_adder_uvm/simv.daidir/kdb.elab++/work.lib++/uvm_reg_item.svh#inc__uvm_pkg__120#.tdc)
	size(13774) lastModTime(1787727072) curModTime(1787727072)
	mode(rb)	hot(111) cool(109) pos(13774)
fid(109): fd(0) fileName(/home/aedu01/verilog/0826_adder_uvm/simv.daidir/kdb.elab++/work.lib++/uvm_reg_model.svh#inc__uvm_pkg__119#.tdc)
	size(14830) lastModTime(1787727072) curModTime(1787727072)
	mode(rb)	hot(110) cool(108) pos(14830)
fid(108): fd(0) fileName(/home/aedu01/verilog/0826_adder_uvm/simv.daidir/kdb.elab++/work.lib++/uvm_tlm2_sockets.svh#inc__uvm_pkg__118#.tdc)
	size(17478) lastModTime(1787727072) curModTime(1787727072)
	mode(rb)	hot(109) cool(107) pos(17478)
fid(107): fd(0) fileName(/home/aedu01/verilog/0826_adder_uvm/simv.daidir/kdb.elab++/work.lib++/uvm_tlm2_sockets_base.svh#inc__uvm_pkg__117#.tdc)
	size(11473) lastModTime(1787727072) curModTime(1787727072)
	mode(rb)	hot(108) cool(106) pos(11473)
fid(106): fd(0) fileName(/home/aedu01/verilog/0826_adder_uvm/simv.daidir/kdb.elab++/work.lib++/uvm_tlm2_exports.svh#inc__uvm_pkg__116#.tdc)
	size(5475) lastModTime(1787727072) curModTime(1787727072)
	mode(rb)	hot(107) cool(105) pos(5475)
fid(105): fd(0) fileName(/home/aedu01/verilog/0826_adder_uvm/simv.daidir/kdb.elab++/work.lib++/uvm_tlm2_ports.svh#inc__uvm_pkg__115#.tdc)
	size(5852) lastModTime(1787727072) curModTime(1787727072)
	mode(rb)	hot(106) cool(104) pos(5852)
fid(104): fd(0) fileName(/home/aedu01/verilog/0826_adder_uvm/simv.daidir/kdb.elab++/work.lib++/uvm_tlm2_imps.svh#inc__uvm_pkg__114#.tdc)
	size(12515) lastModTime(1787727072) curModTime(1787727072)
	mode(rb)	hot(105) cool(103) pos(12515)
fid(103): fd(0) fileName(/home/aedu01/verilog/0826_adder_uvm/simv.daidir/kdb.elab++/work.lib++/uvm_tlm2_ifs.svh#inc__uvm_pkg__113#.tdc)
	size(7484) lastModTime(1787727072) curModTime(1787727072)
	mode(rb)	hot(104) cool(102) pos(7484)
fid(102): fd(0) fileName(/home/aedu01/verilog/0826_adder_uvm/simv.daidir/kdb.elab++/work.lib++/uvm_tlm2_generic_payload.svh#inc__uvm_pkg__112#.tdc)
	size(39539) lastModTime(1787727072) curModTime(1787727072)
	mode(rb)	hot(103) cool(101) pos(39539)
fid(101): fd(0) fileName(/home/aedu01/verilog/0826_adder_uvm/simv.daidir/kdb.elab++/work.lib++/uvm_tlm2_time.svh#inc__uvm_pkg__111#.tdc)
	size(11791) lastModTime(1787727072) curModTime(1787727072)
	mode(rb)	hot(102) cool(100) pos(11791)
fid(100): fd(0) fileName(/home/aedu01/verilog/0826_adder_uvm/simv.daidir/kdb.elab++/work.lib++/uvm_tlm2_defines.svh#inc__uvm_pkg__110#.tdc)
	size(2050) lastModTime(1787727072) curModTime(1787727072)
	mode(rb)	hot(101) cool(99) pos(2050)
fid(99): fd(0) fileName(/home/aedu01/verilog/0826_adder_uvm/simv.daidir/kdb.elab++/work.lib++/uvm_tlm2.svh#inc__uvm_pkg__109#.tdc)
	size(1683) lastModTime(1787727072) curModTime(1787727072)
	mode(rb)	hot(100) cool(98) pos(1683)
fid(98): fd(0) fileName(/home/aedu01/verilog/0826_adder_uvm/simv.daidir/kdb.elab++/work.lib++/uvm_sequence_builtin.svh#inc__uvm_pkg__108#.tdc)
	size(13210) lastModTime(1787727072) curModTime(1787727072)
	mode(rb)	hot(99) cool(97) pos(13210)
fid(97): fd(0) fileName(/home/aedu01/verilog/0826_adder_uvm/simv.daidir/kdb.elab++/work.lib++/uvm_sequence_library.svh#inc__uvm_pkg__107#.tdc)
	size(37088) lastModTime(1787727072) curModTime(1787727072)
	mode(rb)	hot(98) cool(96) pos(37088)
fid(96): fd(0) fileName(/home/aedu01/verilog/0826_adder_uvm/simv.daidir/kdb.elab++/work.lib++/uvm_sequence.svh#inc__uvm_pkg__106#.tdc)
	size(6134) lastModTime(1787727072) curModTime(1787727072)
	mode(rb)	hot(97) cool(95) pos(6134)
fid(95): fd(0) fileName(/home/aedu01/verilog/0826_adder_uvm/simv.daidir/kdb.elab++/work.lib++/uvm_sequence_base.svh#inc__uvm_pkg__105#.tdc)
	size(39787) lastModTime(1787727072) curModTime(1787727072)
	mode(rb)	hot(96) cool(94) pos(39787)
fid(94): fd(0) fileName(/home/aedu01/verilog/0826_adder_uvm/simv.daidir/kdb.elab++/work.lib++/uvm_push_sequencer.svh#inc__uvm_pkg__104#.tdc)
	size(3873) lastModTime(1787727072) curModTime(1787727072)
	mode(rb)	hot(95) cool(93) pos(3873)
fid(93): fd(0) fileName(/home/aedu01/verilog/0826_adder_uvm/simv.daidir/kdb.elab++/work.lib++/uvm_sequencer.svh#inc__uvm_pkg__103#.tdc)
	size(12626) lastModTime(1787727072) curModTime(1787727072)
	mode(rb)	hot(94) cool(92) pos(12626)
fid(92): fd(0) fileName(/home/aedu01/verilog/0826_adder_uvm/simv.daidir/kdb.elab++/work.lib++/uvm_sequencer_param_base.svh#inc__uvm_pkg__102#.tdc)
	size(15677) lastModTime(1787727072) curModTime(1787727072)
	mode(rb)	hot(93) cool(91) pos(15677)
fid(91): fd(0) fileName(/home/aedu01/verilog/0826_adder_uvm/simv.daidir/kdb.elab++/work.lib++/uvm_sequencer_analysis_fifo.svh#inc__uvm_pkg__101#.tdc)
	size(2318) lastModTime(1787727072) curModTime(1787727072)
	mode(rb)	hot(92) cool(90) pos(2318)
fid(90): fd(0) fileName(/home/aedu01/verilog/0826_adder_uvm/simv.daidir/kdb.elab++/work.lib++/uvm_sequencer_base.svh#inc__uvm_pkg__100#.tdc)
	size(57267) lastModTime(1787727072) curModTime(1787727072)
	mode(rb)	hot(91) cool(89) pos(57267)
fid(89): fd(0) fileName(/home/aedu01/verilog/0826_adder_uvm/simv.daidir/kdb.elab++/work.lib++/uvm_sequence_item.svh#inc__uvm_pkg__99#.tdc)
	size(18342) lastModTime(1787727072) curModTime(1787727072)
	mode(rb)	hot(90) cool(88) pos(18342)
fid(88): fd(0) fileName(/home/aedu01/verilog/0826_adder_uvm/simv.daidir/kdb.elab++/work.lib++/uvm_seq.svh#inc__uvm_pkg__98#.tdc)
	size(2085) lastModTime(1787727072) curModTime(1787727072)
	mode(rb)	hot(89) cool(87) pos(2085)
fid(87): fd(0) fileName(/home/aedu01/verilog/0826_adder_uvm/simv.daidir/kdb.elab++/work.lib++/uvm_test.svh#inc__uvm_pkg__97#.tdc)
	size(3715) lastModTime(1787727072) curModTime(1787727072)
	mode(rb)	hot(88) cool(86) pos(3715)
fid(86): fd(0) fileName(/home/aedu01/verilog/0826_adder_uvm/simv.daidir/kdb.elab++/work.lib++/uvm_env.svh#inc__uvm_pkg__96#.tdc)
	size(2549) lastModTime(1787727072) curModTime(1787727072)
	mode(rb)	hot(87) cool(85) pos(2549)
fid(85): fd(0) fileName(/home/aedu01/verilog/0826_adder_uvm/simv.daidir/kdb.elab++/work.lib++/uvm_agent.svh#inc__uvm_pkg__95#.tdc)
	size(6185) lastModTime(1787727072) curModTime(1787727072)
	mode(rb)	hot(86) cool(84) pos(6185)
fid(84): fd(0) fileName(/home/aedu01/verilog/0826_adder_uvm/simv.daidir/kdb.elab++/work.lib++/uvm_scoreboard.svh#inc__uvm_pkg__94#.tdc)
	size(2637) lastModTime(1787727072) curModTime(1787727072)
	mode(rb)	hot(85) cool(83) pos(2637)
fid(83): fd(0) fileName(/home/aedu01/verilog/0826_adder_uvm/simv.daidir/kdb.elab++/work.lib++/uvm_push_driver.svh#inc__uvm_pkg__93#.tdc)
	size(4462) lastModTime(1787727072) curModTime(1787727072)
	mode(rb)	hot(84) cool(82) pos(4462)
fid(82): fd(0) fileName(/home/aedu01/verilog/0826_adder_uvm/simv.daidir/kdb.elab++/work.lib++/uvm_driver.svh#inc__uvm_pkg__92#.tdc)
	size(3931) lastModTime(1787727072) curModTime(1787727072)
	mode(rb)	hot(83) cool(81) pos(3931)
fid(81): fd(0) fileName(/home/aedu01/verilog/0826_adder_uvm/simv.daidir/kdb.elab++/work.lib++/uvm_monitor.svh#inc__uvm_pkg__91#.tdc)
	size(2555) lastModTime(1787727072) curModTime(1787727072)
	mode(rb)	hot(82) cool(80) pos(2555)
fid(80): fd(0) fileName(/home/aedu01/verilog/0826_adder_uvm/simv.daidir/kdb.elab++/work.lib++/uvm_subscriber.svh#inc__uvm_pkg__90#.tdc)
	size(3202) lastModTime(1787727072) curModTime(1787727072)
	mode(rb)	hot(81) cool(79) pos(3202)
fid(79): fd(0) fileName(/home/aedu01/verilog/0826_adder_uvm/simv.daidir/kdb.elab++/work.lib++/uvm_random_stimulus.svh#inc__uvm_pkg__89#.tdc)
	size(6174) lastModTime(1787727072) curModTime(1787727072)
	mode(rb)	hot(80) cool(78) pos(6174)
fid(78): fd(0) fileName(/home/aedu01/verilog/0826_adder_uvm/simv.daidir/kdb.elab++/work.lib++/uvm_algorithmic_comparator.svh#inc__uvm_pkg__88#.tdc)
	size(6172) lastModTime(1787727072) curModTime(1787727072)
	mode(rb)	hot(79) cool(77) pos(6172)
fid(77): fd(0) fileName(/home/aedu01/verilog/0826_adder_uvm/simv.daidir/kdb.elab++/work.lib++/uvm_in_order_comparator.svh#inc__uvm_pkg__87#.tdc)
	size(10208) lastModTime(1787727072) curModTime(1787727072)
	mode(rb)	hot(78) cool(76) pos(10208)
fid(76): fd(0) fileName(/home/aedu01/verilog/0826_adder_uvm/simv.daidir/kdb.elab++/work.lib++/uvm_policies.svh#inc__uvm_pkg__86#.tdc)
	size(4719) lastModTime(1787727072) curModTime(1787727072)
	mode(rb)	hot(77) cool(75) pos(4719)
fid(75): fd(0) fileName(/home/aedu01/verilog/0826_adder_uvm/simv.daidir/kdb.elab++/work.lib++/uvm_pair.svh#inc__uvm_pkg__85#.tdc)
	size(10199) lastModTime(1787727072) curModTime(1787727072)
	mode(rb)	hot(76) cool(74) pos(10199)
fid(74): fd(0) fileName(/home/aedu01/verilog/0826_adder_uvm/simv.daidir/kdb.elab++/work.lib++/uvm_comps.svh#inc__uvm_pkg__84#.tdc)
	size(1964) lastModTime(1787727072) curModTime(1787727072)
	mode(rb)	hot(75) cool(73) pos(1964)
fid(73): fd(0) fileName(/home/aedu01/verilog/0826_adder_uvm/simv.daidir/kdb.elab++/work.lib++/uvm_sqr_connections.svh#inc__uvm_pkg__83#.tdc)
	size(6701) lastModTime(1787727072) curModTime(1787727072)
	mode(rb)	hot(74) cool(72) pos(6701)
fid(72): fd(0) fileName(/home/aedu01/verilog/0826_adder_uvm/simv.daidir/kdb.elab++/work.lib++/uvm_tlm_req_rsp.svh#inc__uvm_pkg__82#.tdc)
	size(12215) lastModTime(1787727072) curModTime(1787727072)
	mode(rb)	hot(73) cool(71) pos(12215)
fid(71): fd(0) fileName(/home/aedu01/verilog/0826_adder_uvm/simv.daidir/kdb.elab++/work.lib++/uvm_tlm_fifos.svh#inc__uvm_pkg__81#.tdc)
	size(8597) lastModTime(1787727072) curModTime(1787727072)
	mode(rb)	hot(72) cool(70) pos(8597)
fid(70): fd(0) fileName(/home/aedu01/verilog/0826_adder_uvm/simv.daidir/kdb.elab++/work.lib++/uvm_tlm_fifo_base.svh#inc__uvm_pkg__80#.tdc)
	size(8713) lastModTime(1787727072) curModTime(1787727072)
	mode(rb)	hot(71) cool(69) pos(8713)
fid(69): fd(0) fileName(/home/aedu01/verilog/0826_adder_uvm/simv.daidir/kdb.elab++/work.lib++/uvm_analysis_port.svh#inc__uvm_pkg__79#.tdc)
	size(7302) lastModTime(1787727072) curModTime(1787727072)
	mode(rb)	hot(70) cool(68) pos(7302)
fid(68): fd(0) fileName(/home/aedu01/verilog/0826_adder_uvm/simv.daidir/kdb.elab++/work.lib++/uvm_exports.svh#inc__uvm_pkg__78#.tdc)
	size(20942) lastModTime(1787727072) curModTime(1787727072)
	mode(rb)	hot(69) cool(67) pos(20942)
fid(67): fd(0) fileName(/home/aedu01/verilog/0826_adder_uvm/simv.daidir/kdb.elab++/work.lib++/uvm_ports.svh#inc__uvm_pkg__77#.tdc)
	size(21399) lastModTime(1787727072) curModTime(1787727072)
	mode(rb)	hot(68) cool(66) pos(21399)
fid(66): fd(0) fileName(/home/aedu01/verilog/0826_adder_uvm/simv.daidir/kdb.elab++/work.lib++/uvm_imps.svh#inc__uvm_pkg__76#.tdc)
	size(24770) lastModTime(1787727072) curModTime(1787727072)
	mode(rb)	hot(67) cool(65) pos(24770)
fid(65): fd(0) fileName(/home/aedu01/verilog/0826_adder_uvm/simv.daidir/kdb.elab++/work.lib++/uvm_tlm_imps.svh#inc___vcs_unit__1__10#.tdc)
	size(11467) lastModTime(1787727072) curModTime(1787727072)
	mode(rb)	hot(66) cool(64) pos(11467)
fid(64): fd(0) fileName(/home/aedu01/verilog/0826_adder_uvm/simv.daidir/kdb.elab++/work.lib++/uvm_port_base.svh#inc__uvm_pkg__74#.tdc)
	size(31853) lastModTime(1787727072) curModTime(1787727072)
	mode(rb)	hot(65) cool(63) pos(31853)
fid(63): fd(0) fileName(/home/aedu01/verilog/0826_adder_uvm/simv.daidir/kdb.elab++/work.lib++/uvm_sqr_ifs.svh#inc__uvm_pkg__73#.tdc)
	size(8904) lastModTime(1787727072) curModTime(1787727072)
	mode(rb)	hot(64) cool(62) pos(8904)
fid(62): fd(0) fileName(/home/aedu01/verilog/0826_adder_uvm/simv.daidir/kdb.elab++/work.lib++/uvm_tlm_ifs.svh#inc__uvm_pkg__72#.tdc)
	size(7529) lastModTime(1787727072) curModTime(1787727072)
	mode(rb)	hot(63) cool(61) pos(7529)
fid(61): fd(0) fileName(/home/aedu01/verilog/0826_adder_uvm/simv.daidir/kdb.elab++/work.lib++/uvm_tlm.svh#inc__uvm_pkg__71#.tdc)
	size(1970) lastModTime(1787727072) curModTime(1787727072)
	mode(rb)	hot(62) cool(60) pos(1970)
fid(60): fd(0) fileName(/home/aedu01/verilog/0826_adder_uvm/simv.daidir/kdb.elab++/work.lib++/uvm_set_before_get_dap.svh#inc__uvm_pkg__70#.tdc)
	size(10621) lastModTime(1787727072) curModTime(1787727072)
	mode(rb)	hot(61) cool(59) pos(10621)
fid(59): fd(0) fileName(/home/aedu01/verilog/0826_adder_uvm/simv.daidir/kdb.elab++/work.lib++/uvm_get_to_lock_dap.svh#inc__uvm_pkg__69#.tdc)
	size(9460) lastModTime(1787727072) curModTime(1787727072)
	mode(rb)	hot(60) cool(58) pos(9460)
fid(58): fd(0) fileName(/home/aedu01/verilog/0826_adder_uvm/simv.daidir/kdb.elab++/work.lib++/uvm_simple_lock_dap.svh#inc__uvm_pkg__68#.tdc)
	size(9979) lastModTime(1787727072) curModTime(1787727072)
	mode(rb)	hot(59) cool(57) pos(9979)
fid(57): fd(0) fileName(/home/aedu01/verilog/0826_adder_uvm/simv.daidir/kdb.elab++/work.lib++/uvm_set_get_dap_base.svh#inc__uvm_pkg__67#.tdc)
	size(3569) lastModTime(1787727072) curModTime(1787727072)
	mode(rb)	hot(58) cool(56) pos(3569)
fid(56): fd(0) fileName(/home/aedu01/verilog/0826_adder_uvm/simv.daidir/kdb.elab++/work.lib++/uvm_dap.svh#inc__uvm_pkg__66#.tdc)
	size(1800) lastModTime(1787727072) curModTime(1787727072)
	mode(rb)	hot(57) cool(55) pos(1800)
fid(55): fd(0) fileName(/home/aedu01/verilog/0826_adder_uvm/simv.daidir/kdb.elab++/work.lib++/uvm_traversal.svh#inc__uvm_pkg__65#.tdc)
	size(11956) lastModTime(1787727072) curModTime(1787727072)
	mode(rb)	hot(56) cool(54) pos(11956)
fid(54): fd(0) fileName(/home/aedu01/verilog/0826_adder_uvm/simv.daidir/kdb.elab++/work.lib++/uvm_cmdline_processor.svh#inc__uvm_pkg__64#.tdc)
	size(17399) lastModTime(1787727072) curModTime(1787727072)
	mode(rb)	hot(55) cool(53) pos(17399)
fid(53): fd(0) fileName(/home/aedu01/verilog/0826_adder_uvm/simv.daidir/kdb.elab++/work.lib++/uvm_globals.svh#inc__uvm_pkg__63#.tdc)
	size(26476) lastModTime(1787727072) curModTime(1787727072)
	mode(rb)	hot(54) cool(52) pos(26476)
fid(52): fd(0) fileName(/home/aedu01/verilog/0826_adder_uvm/simv.daidir/kdb.elab++/work.lib++/uvm_heartbeat.svh#inc__uvm_pkg__62#.tdc)
	size(13819) lastModTime(1787727072) curModTime(1787727072)
	mode(rb)	hot(53) cool(51) pos(13819)
fid(51): fd(0) fileName(/home/aedu01/verilog/0826_adder_uvm/simv.daidir/kdb.elab++/work.lib++/uvm_objection.svh#inc__uvm_pkg__61#.tdc)
	size(47510) lastModTime(1787727072) curModTime(1787727072)
	mode(rb)	hot(52) cool(50) pos(47510)
fid(50): fd(0) fileName(/home/aedu01/verilog/0826_adder_uvm/simv.daidir/kdb.elab++/work.lib++/uvm_component.svh#inc__uvm_pkg__59#.tdc)
	size(115120) lastModTime(1787727072) curModTime(1787727072)
	mode(rb)	hot(51) cool(49) pos(115120)
fid(49): fd(0) fileName(/home/aedu01/verilog/0826_adder_uvm/simv.daidir/kdb.elab++/work.lib++/uvm_runtime_phases.svh#inc__uvm_pkg__58#.tdc)
	size(16174) lastModTime(1787727072) curModTime(1787727072)
	mode(rb)	hot(50) cool(48) pos(16174)
fid(48): fd(0) fileName(/home/aedu01/verilog/0826_adder_uvm/simv.daidir/kdb.elab++/work.lib++/uvm_common_phases.svh#inc__uvm_pkg__57#.tdc)
	size(14146) lastModTime(1787727072) curModTime(1787727072)
	mode(rb)	hot(49) cool(47) pos(14146)
fid(47): fd(0) fileName(/home/aedu01/verilog/0826_adder_uvm/simv.daidir/kdb.elab++/work.lib++/uvm_task_phase.svh#inc__uvm_pkg__56#.tdc)
	size(7797) lastModTime(1787727072) curModTime(1787727072)
	mode(rb)	hot(48) cool(46) pos(7797)
fid(46): fd(0) fileName(/home/aedu01/verilog/0826_adder_uvm/simv.daidir/kdb.elab++/work.lib++/uvm_topdown_phase.svh#inc__uvm_pkg__55#.tdc)
	size(6050) lastModTime(1787727072) curModTime(1787727072)
	mode(rb)	hot(47) cool(45) pos(6050)
fid(45): fd(0) fileName(/home/aedu01/verilog/0826_adder_uvm/simv.daidir/kdb.elab++/work.lib++/uvm_bottomup_phase.svh#inc__uvm_pkg__54#.tdc)
	size(5922) lastModTime(1787727072) curModTime(1787727072)
	mode(rb)	hot(46) cool(44) pos(5922)
fid(44): fd(0) fileName(/home/aedu01/verilog/0826_adder_uvm/simv.daidir/kdb.elab++/work.lib++/uvm_domain.svh#inc__uvm_pkg__53#.tdc)
	size(8921) lastModTime(1787727072) curModTime(1787727072)
	mode(rb)	hot(45) cool(43) pos(8921)
fid(43): fd(0) fileName(/home/aedu01/verilog/0826_adder_uvm/simv.daidir/kdb.elab++/work.lib++/uvm_phase.svh#inc__uvm_pkg__52#.tdc)
	size(83647) lastModTime(1787727072) curModTime(1787727072)
	mode(rb)	hot(44) cool(42) pos(83647)
fid(42): fd(0) fileName(/home/aedu01/verilog/0826_adder_uvm/simv.daidir/kdb.elab++/work.lib++/uvm_transaction.svh#inc__uvm_pkg__51#.tdc)
	size(26651) lastModTime(1787727072) curModTime(1787727072)
	mode(rb)	hot(43) cool(41) pos(26651)
fid(41): fd(0) fileName(/home/aedu01/verilog/0826_adder_uvm/simv.daidir/kdb.elab++/work.lib++/uvm_report_object.svh#inc__uvm_pkg__50#.tdc)
	size(23634) lastModTime(1787727072) curModTime(1787727072)
	mode(rb)	hot(42) cool(40) pos(23634)
fid(40): fd(0) fileName(/home/aedu01/verilog/0826_adder_uvm/simv.daidir/kdb.elab++/work.lib++/uvm_report_handler.svh#inc__uvm_pkg__49#.tdc)
	size(32392) lastModTime(1787727072) curModTime(1787727072)
	mode(rb)	hot(41) cool(39) pos(32392)
fid(39): fd(0) fileName(/home/aedu01/verilog/0826_adder_uvm/simv.daidir/kdb.elab++/work.lib++/uvm_report_server.svh#inc__uvm_pkg__48#.tdc)
	size(37052) lastModTime(1787727072) curModTime(1787727072)
	mode(rb)	hot(40) cool(38) pos(37052)
fid(38): fd(0) fileName(/home/aedu01/verilog/0826_adder_uvm/simv.daidir/kdb.elab++/work.lib++/uvm_report_catcher.svh#inc__uvm_pkg__47#.tdc)
	size(26850) lastModTime(1787727072) curModTime(1787727072)
	mode(rb)	hot(39) cool(37) pos(26850)
fid(37): fd(0) fileName(/home/aedu01/verilog/0826_adder_uvm/simv.daidir/kdb.elab++/work.lib++/uvm_report_message.svh#inc__uvm_pkg__46#.tdc)
	size(33978) lastModTime(1787727072) curModTime(1787727072)
	mode(rb)	hot(38) cool(36) pos(33978)
fid(36): fd(0) fileName(/home/aedu01/verilog/0826_adder_uvm/simv.daidir/kdb.elab++/work.lib++/uvm_macros.svh#inc__uvm_pkg__45#.tdc)
	size(4300) lastModTime(1787727072) curModTime(1787727072)
	mode(rb)	hot(37) cool(35) pos(4300)
fid(35): fd(0) fileName(/home/aedu01/verilog/0826_adder_uvm/simv.daidir/kdb.elab++/work.lib++/uvm_callback.svh#inc__uvm_pkg__44#.tdc)
	size(38284) lastModTime(1787727072) curModTime(1787727072)
	mode(rb)	hot(36) cool(34) pos(38284)
fid(34): fd(0) fileName(/home/aedu01/verilog/0826_adder_uvm/simv.daidir/kdb.elab++/work.lib++/uvm_barrier.svh#inc__uvm_pkg__43#.tdc)
	size(7546) lastModTime(1787727072) curModTime(1787727072)
	mode(rb)	hot(35) cool(33) pos(7546)
fid(33): fd(0) fileName(/home/aedu01/verilog/0826_adder_uvm/simv.daidir/kdb.elab++/work.lib++/uvm_event.svh#inc__uvm_pkg__42#.tdc)
	size(14607) lastModTime(1787727072) curModTime(1787727072)
	mode(rb)	hot(34) cool(32) pos(14607)
fid(32): fd(0) fileName(/home/aedu01/verilog/0826_adder_uvm/simv.daidir/kdb.elab++/work.lib++/uvm_event_callback.svh#inc__uvm_pkg__41#.tdc)
	size(3716) lastModTime(1787727072) curModTime(1787727072)
	mode(rb)	hot(33) cool(31) pos(3716)
fid(31): fd(0) fileName(/home/aedu01/verilog/0826_adder_uvm/simv.daidir/kdb.elab++/work.lib++/uvm_recorder.svh#inc__uvm_pkg__40#.tdc)
	size(31960) lastModTime(1787727072) curModTime(1787727072)
	mode(rb)	hot(32) cool(30) pos(31960)
fid(30): fd(0) fileName(/home/aedu01/verilog/0826_adder_uvm/simv.daidir/kdb.elab++/work.lib++/uvm_tr_stream.svh#inc__uvm_pkg__39#.tdc)
	size(25274) lastModTime(1787727072) curModTime(1787727072)
	mode(rb)	hot(31) cool(29) pos(25274)
fid(29): fd(0) fileName(/home/aedu01/verilog/0826_adder_uvm/simv.daidir/kdb.elab++/work.lib++/uvm_tr_database.svh#inc__uvm_pkg__38#.tdc)
	size(24278) lastModTime(1787727072) curModTime(1787727072)
	mode(rb)	hot(30) cool(28) pos(24278)
fid(28): fd(0) fileName(/home/aedu01/verilog/0826_adder_uvm/simv.daidir/kdb.elab++/work.lib++/uvm_links.svh#inc__uvm_pkg__37#.tdc)
	size(14620) lastModTime(1787727072) curModTime(1787727072)
	mode(rb)	hot(29) cool(27) pos(14620)
fid(27): fd(0) fileName(/home/aedu01/verilog/0826_adder_uvm/simv.daidir/kdb.elab++/work.lib++/uvm_packer.svh#inc__uvm_pkg__36#.tdc)
	size(26951) lastModTime(1787727072) curModTime(1787727072)
	mode(rb)	hot(28) cool(26) pos(26951)
fid(26): fd(0) fileName(/home/aedu01/verilog/0826_adder_uvm/simv.daidir/kdb.elab++/work.lib++/uvm_comparer.svh#inc__uvm_pkg__35#.tdc)
	size(14653) lastModTime(1787727072) curModTime(1787727072)
	mode(rb)	hot(27) cool(25) pos(14653)
fid(25): fd(0) fileName(/home/aedu01/verilog/0826_adder_uvm/simv.daidir/kdb.elab++/work.lib++/uvm_printer.svh#inc__uvm_pkg__34#.tdc)
	size(30099) lastModTime(1787727072) curModTime(1787727072)
	mode(rb)	hot(26) cool(24) pos(30099)
fid(24): fd(0) fileName(/home/aedu01/verilog/0826_adder_uvm/simv.daidir/kdb.elab++/work.lib++/uvm_config_db.svh#inc__uvm_pkg__33#.tdc)
	size(16329) lastModTime(1787727072) curModTime(1787727072)
	mode(rb)	hot(25) cool(23) pos(16329)
fid(23): fd(0) fileName(/home/aedu01/verilog/0826_adder_uvm/simv.daidir/kdb.elab++/work.lib++/uvm_resource_db.svh#inc__uvm_pkg__32#.tdc)
	size(15241) lastModTime(1787727072) curModTime(1787727072)
	mode(rb)	hot(24) cool(22) pos(15241)
fid(22): fd(0) fileName(/home/aedu01/verilog/0826_adder_uvm/simv.daidir/kdb.elab++/work.lib++/uvm_resource_specializations.svh#inc__uvm_pkg__31#.tdc)
	size(10001) lastModTime(1787727072) curModTime(1787727072)
	mode(rb)	hot(23) cool(21) pos(10001)
fid(21): fd(0) fileName(/home/aedu01/verilog/0826_adder_uvm/simv.daidir/kdb.elab++/work.lib++/uvm_resource.svh#inc__uvm_pkg__30#.tdc)
	size(50934) lastModTime(1787727072) curModTime(1787727072)
	mode(rb)	hot(22) cool(20) pos(50934)
fid(20): fd(0) fileName(/home/aedu01/verilog/0826_adder_uvm/simv.daidir/kdb.elab++/work.lib++/uvm_spell_chkr.svh#inc__uvm_pkg__29#.tdc)
	size(9258) lastModTime(1787727072) curModTime(1787727072)
	mode(rb)	hot(21) cool(19) pos(9258)
fid(19): fd(0) fileName(/home/aedu01/verilog/0826_adder_uvm/simv.daidir/kdb.elab++/work.lib++/uvm_registry.svh#inc__uvm_pkg__28#.tdc)
	size(14319) lastModTime(1787727072) curModTime(1787727072)
	mode(rb)	hot(20) cool(18) pos(14319)
fid(18): fd(0) fileName(/home/aedu01/verilog/0826_adder_uvm/simv.daidir/kdb.elab++/work.lib++/uvm_factory.svh#inc__uvm_pkg__27#.tdc)
	size(47885) lastModTime(1787727072) curModTime(1787727072)
	mode(rb)	hot(19) cool(17) pos(47885)
fid(17): fd(0) fileName(/home/aedu01/verilog/0826_adder_uvm/simv.daidir/kdb.elab++/work.lib++/uvm_queue.svh#inc__uvm_pkg__26#.tdc)
	size(7057) lastModTime(1787727072) curModTime(1787727072)
	mode(rb)	hot(18) cool(16) pos(7057)
fid(16): fd(0) fileName(/home/aedu01/verilog/0826_adder_uvm/simv.daidir/kdb.elab++/work.lib++/uvm_pool.svh#inc__uvm_pkg__25#.tdc)
	size(11317) lastModTime(1787727072) curModTime(1787727072)
	mode(rb)	hot(17) cool(15) pos(11317)
fid(15): fd(0) fileName(/home/aedu01/verilog/0826_adder_uvm/simv.daidir/kdb.elab++/work.lib++/uvm_object.svh#inc__uvm_pkg__24#.tdc)
	size(34025) lastModTime(1787727072) curModTime(1787727072)
	mode(rb)	hot(16) cool(14) pos(34025)
fid(14): fd(0) fileName(/home/aedu01/verilog/0826_adder_uvm/simv.daidir/kdb.elab++/work.lib++/uvm_misc.svh#inc__uvm_pkg__23#.tdc)
	size(32524) lastModTime(1787727072) curModTime(1787727072)
	mode(rb)	hot(15) cool(13) pos(32524)
fid(13): fd(0) fileName(/home/aedu01/verilog/0826_adder_uvm/simv.daidir/kdb.elab++/work.lib++/uvm_object_globals.svh#inc__uvm_pkg__22#.tdc)
	size(22804) lastModTime(1787727072) curModTime(1787727072)
	mode(rb)	hot(14) cool(12) pos(22804)
fid(12): fd(0) fileName(/home/aedu01/verilog/0826_adder_uvm/simv.daidir/kdb.elab++/work.lib++/uvm_version.svh#inc__uvm_pkg__21#.tdc)
	size(2124) lastModTime(1787727072) curModTime(1787727072)
	mode(rb)	hot(13) cool(11) pos(2124)
fid(11): fd(0) fileName(/home/aedu01/verilog/0826_adder_uvm/simv.daidir/kdb.elab++/work.lib++/uvm_coreservice.svh#inc__uvm_pkg__20#.tdc)
	size(8518) lastModTime(1787727072) curModTime(1787727072)
	mode(rb)	hot(12) cool(10) pos(8518)
fid(10): fd(0) fileName(/home/aedu01/verilog/0826_adder_uvm/simv.daidir/kdb.elab++/work.lib++/uvm_base.svh#inc__uvm_pkg__19#.tdc)
	size(4697) lastModTime(1787727072) curModTime(1787727072)
	mode(rb)	hot(11) cool(9) pos(4697)
fid(9): fd(0) fileName(/home/aedu01/verilog/0826_adder_uvm/simv.daidir/kdb.elab++/work.lib++/uvm_regex.svh#inc__uvm_pkg__18#.tdc)
	size(3645) lastModTime(1787727072) curModTime(1787727072)
	mode(rb)	hot(10) cool(8) pos(3645)
fid(8): fd(0) fileName(/home/aedu01/verilog/0826_adder_uvm/simv.daidir/kdb.elab++/work.lib++/uvm_svcmd_dpi.svh#inc__uvm_pkg__17#.tdc)
	size(2727) lastModTime(1787727072) curModTime(1787727072)
	mode(rb)	hot(9) cool(7) pos(2727)
fid(7): fd(0) fileName(/home/aedu01/verilog/0826_adder_uvm/simv.daidir/kdb.elab++/work.lib++/uvm_hdl.svh#inc__uvm_pkg__16#.tdc)
	size(9006) lastModTime(1787727072) curModTime(1787727072)
	mode(rb)	hot(8) cool(6) pos(9006)
fid(6): fd(0) fileName(/home/aedu01/verilog/0826_adder_uvm/simv.daidir/kdb.elab++/work.lib++/uvm_dpi.svh#inc__uvm_pkg__15#.tdc)
	size(2000) lastModTime(1787727072) curModTime(1787727072)
	mode(rb)	hot(7) cool(5) pos(2000)
fid(5): fd(0) fileName(/home/aedu01/verilog/0826_adder_uvm/simv.daidir/kdb.elab++/work.lib++/uvm_root.svh#inc__uvm_pkg__60#.tdc)
	size(36680) lastModTime(1787727072) curModTime(1787727072)
	mode(rb)	hot(6) cool(4) pos(36680)
fid(4): fd(0) fileName(/home/aedu01/verilog/0826_adder_uvm/simv.daidir/kdb.elab++/work.lib++/uvm_pkg.sv.tdc)
	size(2293) lastModTime(1787727072) curModTime(1787727072)
	mode(rb)	hot(5) cool(0) pos(2293)
fid(3): fd(0) fileName(/home/aedu01/verilog/0826_adder_uvm/simv.daidir/kdb.elab++/work.lib++/uvm_custom_install_verdi_recorder.sv.tdc)
	size(16112) lastModTime(1787727072) curModTime(1787727072)
	mode(rb)	hot(0) cool(0) pos(0)
fid(2): fd(22) fileName(/home/aedu01/verilog/0826_adder_uvm/verdiLog/_swap_0001#261616969#1717229)
	size(0) lastModTime(0) curModTime(1787727168)
	mode(r+b)	hot(134) cool(133) pos(0)
fid(1): fd(1073741831) fileName(/home/aedu01/verilog/0826_adder_uvm/simv.daidir/kdb.elab++/work.lib++/tb_adder_uvm.sv.tdc)
	size(26281) lastModTime(1787727072) curModTime(1787727072)
	mode(rb)	hot(137) cool(136) pos(26281)
fid(0): fd(0) version: (200506)
fileName(NULL)

available memory: 64M bytes
	mode(NULL)used memory: 28M bytes	hot(0) cool(0) pos(0)
==================================================
mySelf(0x20145cb0) pre(0x20051d90) next((nil))
version(200506)
date(Dec  3 2024 20:20:45)
 [need 28M bytes if disable swap]

used block: 1742 [memory(1742) file(0)]
                 [ 8K(1439) 16K(51) 32K(3) 64K(249) { total 28M bytes } ]
overhead: (189466) bytes for (1742) blocks [Average: (108) bytes/block]

write  => 0(times) 0K(bytes) [0K bytes to file]
read   => 248(times) 10M(bytes) [2M bytes compressed data from file]
access => 9291370(times) 81754M(bytes)
          [hit ratio: 99.9973%]

time: write(0) read(0)  unit: second

swap file directory: (/home/aedu01/verilog/0826_adder_uvm/verdiLog)
used swap file number: (141)



swap file manager:
arrSize: (256)
idxCnt: (142)
closeHead: (2)
closeTail: (141)
openCnt: (10)
fid(141): fd(1073741826) fileName(/home/aedu01/verilog/0826_adder_uvm/simv.daidir/kdb.elab++/work.lib++/uvm_vcs_record_interface.sv#inc__uvm_custom_install_recording__152#.tdc)
	size(18636) lastModTime(1787727072) curModTime(1787727072)
	mode(rb)	hot(0) cool(140) pos(0)
fid(140): fd(1073741825) fileName(/home/aedu01/verilog/0826_adder_uvm/simv.daidir/kdb.elab++/work.lib++/uvm_vcs_tr_stream.svh#inc__uvm_custom_install_recording__151#.tdc)
	size(9213) lastModTime(1787727072) curModTime(1787727072)
	mode(rb)	hot(141) cool(139) pos(0)
fid(139): fd(1073741833) fileName(/home/aedu01/verilog/0826_adder_uvm/simv.daidir/kdb.elab++/work.lib++/uvm_vcs_tr_database.svh#inc__uvm_custom_install_recording__150#.tdc)
	size(10600) lastModTime(1787727072) curModTime(1787727072)
	mode(rb)	hot(140) cool(138) pos(0)
fid(138): fd(1073741824) fileName(/home/aedu01/verilog/0826_adder_uvm/simv.daidir/kdb.elab++/work.lib++/uvm_vcs_recorder.svh#inc__uvm_custom_install_recording__149#.tdc)
	size(12391) lastModTime(1787727072) curModTime(1787727072)
	mode(rb)	hot(139) cool(137) pos(0)
fid(137): fd(1073741832) fileName(/home/aedu01/verilog/0826_adder_uvm/simv.daidir/kdb.elab++/work.lib++/uvm_custom_install_vcs_recorder.sv.tdc)
	size(5248) lastModTime(1787727072) curModTime(1787727072)
	mode(rb)	hot(138) cool(1) pos(0)
fid(136): fd(1073741830) fileName(/home/aedu01/verilog/0826_adder_uvm/simv.daidir/kdb.elab++/work.lib++/vcs_uvm_alt.sv#inc__uvm_pkg__146#.tdc)
	size(6632) lastModTime(1787727072) curModTime(1787727072)
	mode(rb)	hot(1) cool(135) pos(0)
fid(135): fd(1073741829) fileName(/home/aedu01/verilog/0826_adder_uvm/simv.daidir/kdb.elab++/work.lib++/snps_uvm_reg_bank.svh#inc__uvm_pkg__145#.tdc)
	size(37527) lastModTime(1787727072) curModTime(1787727072)
	mode(rb)	hot(136) cool(134) pos(0)
fid(134): fd(1073741828) fileName(/home/aedu01/verilog/0826_adder_uvm/simv.daidir/kdb.elab++/work.lib++/uvm_reg_mem_hdl_paths_seq.svh#inc__uvm_pkg__144#.tdc)
	size(20521) lastModTime(1787727072) curModTime(1787727072)
	mode(rb)	hot(135) cool(2) pos(0)
fid(133): fd(0) fileName(/home/aedu01/verilog/0826_adder_uvm/simv.daidir/kdb.elab++/work.lib++/uvm_reg_mem_built_in_seq.svh#inc__uvm_pkg__143#.tdc)
	size(9220) lastModTime(1787727072) curModTime(1787727072)
	mode(rb)	hot(2) cool(132) pos(9220)
fid(132): fd(0) fileName(/home/aedu01/verilog/0826_adder_uvm/simv.daidir/kdb.elab++/work.lib++/uvm_reg_mem_shared_access_seq.svh#inc__uvm_pkg__142#.tdc)
	size(29506) lastModTime(1787727072) curModTime(1787727072)
	mode(rb)	hot(133) cool(131) pos(29506)
fid(131): fd(0) fileName(/home/aedu01/verilog/0826_adder_uvm/simv.daidir/kdb.elab++/work.lib++/uvm_reg_access_seq.svh#inc__uvm_pkg__141#.tdc)
	size(24948) lastModTime(1787727072) curModTime(1787727072)
	mode(rb)	hot(132) cool(130) pos(24948)
fid(130): fd(0) fileName(/home/aedu01/verilog/0826_adder_uvm/simv.daidir/kdb.elab++/work.lib++/uvm_mem_access_seq.svh#inc__uvm_pkg__140#.tdc)
	size(20401) lastModTime(1787727072) curModTime(1787727072)
	mode(rb)	hot(131) cool(129) pos(20401)
fid(129): fd(0) fileName(/home/aedu01/verilog/0826_adder_uvm/simv.daidir/kdb.elab++/work.lib++/uvm_mem_walk_seq.svh#inc__uvm_pkg__139#.tdc)
	size(17498) lastModTime(1787727072) curModTime(1787727072)
	mode(rb)	hot(130) cool(128) pos(17498)
fid(128): fd(0) fileName(/home/aedu01/verilog/0826_adder_uvm/simv.daidir/kdb.elab++/work.lib++/uvm_reg_bit_bash_seq.svh#inc__uvm_pkg__138#.tdc)
	size(18054) lastModTime(1787727072) curModTime(1787727072)
	mode(rb)	hot(127) cool(129) pos(18054)
fid(127): fd(0) fileName(NULL)
	mode(rb)	hot(126) cool(128) pos(11551)
fid(126): fd(0) fileName(NULL)
	mode(rb)	hot(125) cool(127) pos(65110)
fid(125): fd(0) fileName(NULL)
	mode(rb)	hot(124) cool(126) pos(83422)
fid(124): fd(0) fileName(NULL)
	mode(rb)	hot(123) cool(125) pos(70109)
fid(123): fd(0) fileName(NULL)
	mode(rb)	hot(122) cool(124) pos(49922)
fid(122): fd(0) fileName(NULL)
	mode(rb)	hot(121) cool(123) pos(38402)
fid(121): fd(0) fileName(NULL)
	mode(rb)	hot(120) cool(122) pos(19633)
fid(120): fd(0) fileName(NULL)
	mode(rb)	hot(119) cool(121) pos(12915)
fid(119): fd(0) fileName(NULL)
	mode(rb)	hot(118) cool(120) pos(14966)
fid(118): fd(0) fileName(NULL)
	mode(rb)	hot(117) cool(119) pos(90807)
fid(117): fd(0) fileName(NULL)
	mode(rb)	hot(116) cool(118) pos(43468)
fid(116): fd(0) fileName(NULL)
	mode(rb)	hot(115) cool(117) pos(61876)
fid(115): fd(0) fileName(NULL)
	mode(rb)	hot(114) cool(116) pos(16641)
fid(114): fd(0) fileName(NULL)
	mode(rb)	hot(113) cool(115) pos(20528)
fid(113): fd(0) fileName(NULL)
	mode(rb)	hot(112) cool(114) pos(23937)
fid(112): fd(0) fileName(NULL)
	mode(rb)	hot(111) cool(113) pos(13705)
fid(111): fd(0) fileName(NULL)
	mode(rb)	hot(110) cool(112) pos(12436)
fid(110): fd(0) fileName(NULL)
	mode(rb)	hot(109) cool(111) pos(13774)
fid(109): fd(0) fileName(NULL)
	mode(rb)	hot(108) cool(110) pos(14830)
==================================================
